Archive member included to satisfy reference by file (symbol)

c:/program files (x86)/atmel/studio/7.0/toolchain/avr8/avr8-gnu-toolchain/bin/../lib/gcc/avr/5.4.0/avr5\libgcc.a(_exit.o)
                              C:/Program Files (x86)/Atmel/Studio/7.0/Packs/atmel/ATmega_DFP/1.2.209/gcc/dev/atmega328p/avr5/crtatmega328p.o (exit)
c:/program files (x86)/atmel/studio/7.0/toolchain/avr8/avr8-gnu-toolchain/bin/../lib/gcc/avr/5.4.0/avr5\libgcc.a(_tablejump2.o)
                              ioLibrary_Driver-master/Ethernet/socket.o (__tablejump2__)
c:/program files (x86)/atmel/studio/7.0/toolchain/avr8/avr8-gnu-toolchain/bin/../lib/gcc/avr/5.4.0/avr5\libgcc.a(_copy_data.o)
                              ioLibrary_Driver-master/Application/loopback/loopback.o (__do_copy_data)
c:/program files (x86)/atmel/studio/7.0/toolchain/avr8/avr8-gnu-toolchain/bin/../lib/gcc/avr/5.4.0/avr5\libgcc.a(_clear_bss.o)
                              ioLibrary_Driver-master/Ethernet/socket.o (__do_clear_bss)
c:/program files (x86)/atmel/studio/7.0/toolchain/avr8/avr8-gnu-toolchain/bin/../lib/gcc/avr/5.4.0/avr5\libgcc.a(_ctors.o)
                              main.o (__do_global_ctors)
c:/program files (x86)/atmel/studio/7.0/toolchain/avr8/avr8-gnu-toolchain/bin/../lib/gcc/avr/5.4.0/../../../../avr/lib/avr5\libc.a(memcmp.o)
                              ioLibrary_Driver-master/Internet/MQTT/MQTTPacket/src/MQTTConnectServer.o (memcmp)
c:/program files (x86)/atmel/studio/7.0/toolchain/avr8/avr8-gnu-toolchain/bin/../lib/gcc/avr/5.4.0/../../../../avr/lib/avr5\libc.a(memcpy.o)
                              ioLibrary_Driver-master/Internet/MQTT/MQTTPacket/src/MQTTPacket.o (memcpy)
c:/program files (x86)/atmel/studio/7.0/toolchain/avr8/avr8-gnu-toolchain/bin/../lib/gcc/avr/5.4.0/../../../../avr/lib/avr5\libc.a(strncmp.o)
                              ioLibrary_Driver-master/Internet/MQTT/MQTTPacket/src/MQTTPacket.o (strncmp)
c:/program files (x86)/atmel/studio/7.0/toolchain/avr8/avr8-gnu-toolchain/bin/../lib/gcc/avr/5.4.0/../../../../avr/lib/avr5\libc.a(itoa_ncheck.o)
                              main.o (__itoa_ncheck)
c:/program files (x86)/atmel/studio/7.0/toolchain/avr8/avr8-gnu-toolchain/bin/../lib/gcc/avr/5.4.0/../../../../avr/lib/avr5\libc.a(utoa_ncheck.o)
                              c:/program files (x86)/atmel/studio/7.0/toolchain/avr8/avr8-gnu-toolchain/bin/../lib/gcc/avr/5.4.0/../../../../avr/lib/avr5\libc.a(itoa_ncheck.o) (__utoa_common)
c:/program files (x86)/atmel/studio/7.0/toolchain/avr8/avr8-gnu-toolchain/bin/../lib/gcc/avr/5.4.0/../../../../avr/lib/avr5\libc.a(printf.o)
                              ioLibrary_Driver-master/Application/loopback/loopback.o (printf)
c:/program files (x86)/atmel/studio/7.0/toolchain/avr8/avr8-gnu-toolchain/bin/../lib/gcc/avr/5.4.0/../../../../avr/lib/avr5\libc.a(snprintf.o)
                              ioLibrary_Driver-master/Internet/MQTT/MQTTPacket/src/MQTTFormat.o (snprintf)
c:/program files (x86)/atmel/studio/7.0/toolchain/avr8/avr8-gnu-toolchain/bin/../lib/gcc/avr/5.4.0/../../../../avr/lib/avr5\libc.a(sprintf.o)
                              main.o (sprintf)
c:/program files (x86)/atmel/studio/7.0/toolchain/avr8/avr8-gnu-toolchain/bin/../lib/gcc/avr/5.4.0/../../../../avr/lib/avr5\libc.a(vfprintf_std.o)
                              c:/program files (x86)/atmel/studio/7.0/toolchain/avr8/avr8-gnu-toolchain/bin/../lib/gcc/avr/5.4.0/../../../../avr/lib/avr5\libc.a(printf.o) (vfprintf)
c:/program files (x86)/atmel/studio/7.0/toolchain/avr8/avr8-gnu-toolchain/bin/../lib/gcc/avr/5.4.0/../../../../avr/lib/avr5\libc.a(strnlen_P.o)
                              c:/program files (x86)/atmel/studio/7.0/toolchain/avr8/avr8-gnu-toolchain/bin/../lib/gcc/avr/5.4.0/../../../../avr/lib/avr5\libc.a(vfprintf_std.o) (strnlen_P)
c:/program files (x86)/atmel/studio/7.0/toolchain/avr8/avr8-gnu-toolchain/bin/../lib/gcc/avr/5.4.0/../../../../avr/lib/avr5\libc.a(strnlen.o)
                              c:/program files (x86)/atmel/studio/7.0/toolchain/avr8/avr8-gnu-toolchain/bin/../lib/gcc/avr/5.4.0/../../../../avr/lib/avr5\libc.a(vfprintf_std.o) (strnlen)
c:/program files (x86)/atmel/studio/7.0/toolchain/avr8/avr8-gnu-toolchain/bin/../lib/gcc/avr/5.4.0/../../../../avr/lib/avr5\libc.a(strrev.o)
                              c:/program files (x86)/atmel/studio/7.0/toolchain/avr8/avr8-gnu-toolchain/bin/../lib/gcc/avr/5.4.0/../../../../avr/lib/avr5\libc.a(utoa_ncheck.o) (strrev)
c:/program files (x86)/atmel/studio/7.0/toolchain/avr8/avr8-gnu-toolchain/bin/../lib/gcc/avr/5.4.0/../../../../avr/lib/avr5\libc.a(fputc.o)
                              c:/program files (x86)/atmel/studio/7.0/toolchain/avr8/avr8-gnu-toolchain/bin/../lib/gcc/avr/5.4.0/../../../../avr/lib/avr5\libc.a(vfprintf_std.o) (fputc)
c:/program files (x86)/atmel/studio/7.0/toolchain/avr8/avr8-gnu-toolchain/bin/../lib/gcc/avr/5.4.0/../../../../avr/lib/avr5\libc.a(iob.o)
                              c:/program files (x86)/atmel/studio/7.0/toolchain/avr8/avr8-gnu-toolchain/bin/../lib/gcc/avr/5.4.0/../../../../avr/lib/avr5\libc.a(printf.o) (__iob)
c:/program files (x86)/atmel/studio/7.0/toolchain/avr8/avr8-gnu-toolchain/bin/../lib/gcc/avr/5.4.0/../../../../avr/lib/avr5\libc.a(ultoa_invert.o)
                              c:/program files (x86)/atmel/studio/7.0/toolchain/avr8/avr8-gnu-toolchain/bin/../lib/gcc/avr/5.4.0/../../../../avr/lib/avr5\libc.a(vfprintf_std.o) (__ultoa_invert)
c:/program files (x86)/atmel/studio/7.0/toolchain/avr8/avr8-gnu-toolchain/bin/../lib/gcc/avr/5.4.0/avr5\libgcc.a(_prologue.o)
                              c:/program files (x86)/atmel/studio/7.0/toolchain/avr8/avr8-gnu-toolchain/bin/../lib/gcc/avr/5.4.0/../../../../avr/lib/avr5\libc.a(printf.o) (__prologue_saves__)
c:/program files (x86)/atmel/studio/7.0/toolchain/avr8/avr8-gnu-toolchain/bin/../lib/gcc/avr/5.4.0/avr5\libgcc.a(_epilogue.o)
                              c:/program files (x86)/atmel/studio/7.0/toolchain/avr8/avr8-gnu-toolchain/bin/../lib/gcc/avr/5.4.0/../../../../avr/lib/avr5\libc.a(printf.o) (__epilogue_restores__)

Allocating common symbols
Common symbol       size              file

MilliTimer          0x4               ioLibrary_Driver-master/Internet/MQTT/mqtt_interface.o
__iob               0x6               c:/program files (x86)/atmel/studio/7.0/toolchain/avr8/avr8-gnu-toolchain/bin/../lib/gcc/avr/5.4.0/../../../../avr/lib/avr5\libc.a(iob.o)

Discarded input sections

 .data          0x00000000        0x0 C:/Program Files (x86)/Atmel/Studio/7.0/Packs/atmel/ATmega_DFP/1.2.209/gcc/dev/atmega328p/avr5/crtatmega328p.o
 .bss           0x00000000        0x0 C:/Program Files (x86)/Atmel/Studio/7.0/Packs/atmel/ATmega_DFP/1.2.209/gcc/dev/atmega328p/avr5/crtatmega328p.o
 .text          0x00000000        0x0 ioLibrary_Driver-master/Application/loopback/loopback.o
 .data          0x00000000        0x0 ioLibrary_Driver-master/Application/loopback/loopback.o
 .bss           0x00000000        0x0 ioLibrary_Driver-master/Application/loopback/loopback.o
 .rodata.str1.1
                0x00000000      0x109 ioLibrary_Driver-master/Application/loopback/loopback.o
 .text.loopback_tcps
                0x00000000      0x274 ioLibrary_Driver-master/Application/loopback/loopback.o
 .text.loopback_tcpc
                0x00000000      0x282 ioLibrary_Driver-master/Application/loopback/loopback.o
 .text.loopback_udps
                0x00000000      0x1d4 ioLibrary_Driver-master/Application/loopback/loopback.o
 .data.any_port.2112
                0x00000000        0x2 ioLibrary_Driver-master/Application/loopback/loopback.o
 .debug_info    0x00000000      0x5a5 ioLibrary_Driver-master/Application/loopback/loopback.o
 .debug_abbrev  0x00000000      0x162 ioLibrary_Driver-master/Application/loopback/loopback.o
 .debug_loc     0x00000000      0x84d ioLibrary_Driver-master/Application/loopback/loopback.o
 .debug_aranges
                0x00000000       0x30 ioLibrary_Driver-master/Application/loopback/loopback.o
 .debug_ranges  0x00000000       0x20 ioLibrary_Driver-master/Application/loopback/loopback.o
 .debug_line    0x00000000      0x334 ioLibrary_Driver-master/Application/loopback/loopback.o
 .debug_str     0x00000000      0x28d ioLibrary_Driver-master/Application/loopback/loopback.o
 .comment       0x00000000       0x31 ioLibrary_Driver-master/Application/loopback/loopback.o
 .debug_frame   0x00000000      0x198 ioLibrary_Driver-master/Application/loopback/loopback.o
 .text          0x00000000        0x0 ioLibrary_Driver-master/Ethernet/socket.o
 .data          0x00000000        0x0 ioLibrary_Driver-master/Ethernet/socket.o
 .bss           0x00000000        0x0 ioLibrary_Driver-master/Ethernet/socket.o
 .text.listen   0x00000000       0xb6 ioLibrary_Driver-master/Ethernet/socket.o
 .rodata        0x00000000        0x5 ioLibrary_Driver-master/Ethernet/socket.o
 .text.sendto   0x00000000      0x380 ioLibrary_Driver-master/Ethernet/socket.o
 .text.recvfrom
                0x00000000      0x404 ioLibrary_Driver-master/Ethernet/socket.o
 .text.ctlsocket
                0x00000000      0x1a6 ioLibrary_Driver-master/Ethernet/socket.o
 .text.setsockopt
                0x00000000      0x108 ioLibrary_Driver-master/Ethernet/socket.o
 .text.getsockopt
                0x00000000      0x1ec ioLibrary_Driver-master/Ethernet/socket.o
 .progmem.gcc_sw_table.getsockopt
                0x00000000       0x16 ioLibrary_Driver-master/Ethernet/socket.o
 .text          0x00000000        0x0 ioLibrary_Driver-master/Ethernet/W5100/w5100.o
 .data          0x00000000        0x0 ioLibrary_Driver-master/Ethernet/W5100/w5100.o
 .bss           0x00000000        0x0 ioLibrary_Driver-master/Ethernet/W5100/w5100.o
 .text.wiz_recv_ignore
                0x00000000       0x92 ioLibrary_Driver-master/Ethernet/W5100/w5100.o
 .text          0x00000000        0x0 ioLibrary_Driver-master/Ethernet/wizchip_conf.o
 .data          0x00000000        0x0 ioLibrary_Driver-master/Ethernet/wizchip_conf.o
 .bss           0x00000000        0x0 ioLibrary_Driver-master/Ethernet/wizchip_conf.o
 .text.wizchip_spi_readburst
                0x00000000        0x2 ioLibrary_Driver-master/Ethernet/wizchip_conf.o
 .text.wizchip_spi_writeburst
                0x00000000        0x2 ioLibrary_Driver-master/Ethernet/wizchip_conf.o
 .text.reg_wizchip_cris_cbfunc
                0x00000000       0x2e ioLibrary_Driver-master/Ethernet/wizchip_conf.o
 .text.reg_wizchip_cs_cbfunc
                0x00000000       0x2e ioLibrary_Driver-master/Ethernet/wizchip_conf.o
 .text.reg_wizchip_bus_cbfunc
                0x00000000       0x40 ioLibrary_Driver-master/Ethernet/wizchip_conf.o
 .text.reg_wizchip_spi_cbfunc
                0x00000000       0x40 ioLibrary_Driver-master/Ethernet/wizchip_conf.o
 .text.reg_wizchip_spiburst_cbfunc
                0x00000000       0x40 ioLibrary_Driver-master/Ethernet/wizchip_conf.o
 .text.wizchip_sw_reset
                0x00000000       0xec ioLibrary_Driver-master/Ethernet/wizchip_conf.o
 .text.wizchip_init
                0x00000000      0x1da ioLibrary_Driver-master/Ethernet/wizchip_conf.o
 .text.wizchip_clrinterrupt
                0x00000000       0x12 ioLibrary_Driver-master/Ethernet/wizchip_conf.o
 .text.wizchip_getinterrupt
                0x00000000       0x12 ioLibrary_Driver-master/Ethernet/wizchip_conf.o
 .text.wizchip_setinterruptmask
                0x00000000       0x16 ioLibrary_Driver-master/Ethernet/wizchip_conf.o
 .text.wizchip_getinterruptmask
                0x00000000       0x22 ioLibrary_Driver-master/Ethernet/wizchip_conf.o
 .text.ctlwizchip
                0x00000000       0x8c ioLibrary_Driver-master/Ethernet/wizchip_conf.o
 .progmem.gcc_sw_table.ctlwizchip
                0x00000000       0x12 ioLibrary_Driver-master/Ethernet/wizchip_conf.o
 .text.wizphy_getphylink
                0x00000000        0x4 ioLibrary_Driver-master/Ethernet/wizchip_conf.o
 .text.wizchip_getnetinfo
                0x00000000       0x7a ioLibrary_Driver-master/Ethernet/wizchip_conf.o
 .text.wizchip_setnetmode
                0x00000000       0x2c ioLibrary_Driver-master/Ethernet/wizchip_conf.o
 .text.wizchip_getnetmode
                0x00000000        0xc ioLibrary_Driver-master/Ethernet/wizchip_conf.o
 .text.wizchip_settimeout
                0x00000000       0x36 ioLibrary_Driver-master/Ethernet/wizchip_conf.o
 .text.wizchip_gettimeout
                0x00000000       0x48 ioLibrary_Driver-master/Ethernet/wizchip_conf.o
 .text.ctlnetwork
                0x00000000       0x64 ioLibrary_Driver-master/Ethernet/wizchip_conf.o
 .text          0x00000000        0x0 ioLibrary_Driver-master/Internet/MQTT/MQTTClient.o
 .data          0x00000000        0x0 ioLibrary_Driver-master/Internet/MQTT/MQTTClient.o
 .bss           0x00000000        0x0 ioLibrary_Driver-master/Internet/MQTT/MQTTClient.o
 .text.MQTTRun  0x00000000       0x38 ioLibrary_Driver-master/Internet/MQTT/MQTTClient.o
 .text.MQTTUnsubscribe
                0x00000000       0xf8 ioLibrary_Driver-master/Internet/MQTT/MQTTClient.o
 .text.MQTTDisconnect
                0x00000000       0x74 ioLibrary_Driver-master/Internet/MQTT/MQTTClient.o
 .text          0x00000000        0x0 ioLibrary_Driver-master/Internet/MQTT/MQTTPacket/src/MQTTConnectClient.o
 .data          0x00000000        0x0 ioLibrary_Driver-master/Internet/MQTT/MQTTPacket/src/MQTTConnectClient.o
 .bss           0x00000000        0x0 ioLibrary_Driver-master/Internet/MQTT/MQTTPacket/src/MQTTConnectClient.o
 .text.MQTTSerialize_disconnect
                0x00000000        0x8 ioLibrary_Driver-master/Internet/MQTT/MQTTPacket/src/MQTTConnectClient.o
 .text          0x00000000        0x0 ioLibrary_Driver-master/Internet/MQTT/MQTTPacket/src/MQTTConnectServer.o
 .data          0x00000000        0x0 ioLibrary_Driver-master/Internet/MQTT/MQTTPacket/src/MQTTConnectServer.o
 .bss           0x00000000        0x0 ioLibrary_Driver-master/Internet/MQTT/MQTTPacket/src/MQTTConnectServer.o
 .rodata.str1.1
                0x00000000        0xc ioLibrary_Driver-master/Internet/MQTT/MQTTPacket/src/MQTTConnectServer.o
 .text.MQTTPacket_checkVersion
                0x00000000       0x6e ioLibrary_Driver-master/Internet/MQTT/MQTTPacket/src/MQTTConnectServer.o
 .text.MQTTDeserialize_connect
                0x00000000      0x1f0 ioLibrary_Driver-master/Internet/MQTT/MQTTPacket/src/MQTTConnectServer.o
 .text.MQTTSerialize_connack
                0x00000000       0x82 ioLibrary_Driver-master/Internet/MQTT/MQTTPacket/src/MQTTConnectServer.o
 .debug_info    0x00000000      0x841 ioLibrary_Driver-master/Internet/MQTT/MQTTPacket/src/MQTTConnectServer.o
 .debug_abbrev  0x00000000      0x1d5 ioLibrary_Driver-master/Internet/MQTT/MQTTPacket/src/MQTTConnectServer.o
 .debug_loc     0x00000000      0x532 ioLibrary_Driver-master/Internet/MQTT/MQTTPacket/src/MQTTConnectServer.o
 .debug_aranges
                0x00000000       0x30 ioLibrary_Driver-master/Internet/MQTT/MQTTPacket/src/MQTTConnectServer.o
 .debug_ranges  0x00000000       0x20 ioLibrary_Driver-master/Internet/MQTT/MQTTPacket/src/MQTTConnectServer.o
 .debug_line    0x00000000      0x277 ioLibrary_Driver-master/Internet/MQTT/MQTTPacket/src/MQTTConnectServer.o
 .debug_str     0x00000000      0x4ea ioLibrary_Driver-master/Internet/MQTT/MQTTPacket/src/MQTTConnectServer.o
 .comment       0x00000000       0x31 ioLibrary_Driver-master/Internet/MQTT/MQTTPacket/src/MQTTConnectServer.o
 .debug_frame   0x00000000       0xa0 ioLibrary_Driver-master/Internet/MQTT/MQTTPacket/src/MQTTConnectServer.o
 .text          0x00000000        0x0 ioLibrary_Driver-master/Internet/MQTT/MQTTPacket/src/MQTTDeserializePublish.o
 .data          0x00000000        0x0 ioLibrary_Driver-master/Internet/MQTT/MQTTPacket/src/MQTTDeserializePublish.o
 .bss           0x00000000        0x0 ioLibrary_Driver-master/Internet/MQTT/MQTTPacket/src/MQTTDeserializePublish.o
 .text          0x00000000        0x0 ioLibrary_Driver-master/Internet/MQTT/MQTTPacket/src/MQTTFormat.o
 .data          0x00000000        0x0 ioLibrary_Driver-master/Internet/MQTT/MQTTPacket/src/MQTTFormat.o
 .bss           0x00000000        0x0 ioLibrary_Driver-master/Internet/MQTT/MQTTPacket/src/MQTTFormat.o
 .text.MQTTPacket_getName
                0x00000000       0x10 ioLibrary_Driver-master/Internet/MQTT/MQTTPacket/src/MQTTFormat.o
 .rodata.str1.1
                0x00000000      0x265 ioLibrary_Driver-master/Internet/MQTT/MQTTPacket/src/MQTTFormat.o
 .text.MQTTStringFormat_connect
                0x00000000      0x172 ioLibrary_Driver-master/Internet/MQTT/MQTTPacket/src/MQTTFormat.o
 .text.MQTTStringFormat_connack
                0x00000000       0x30 ioLibrary_Driver-master/Internet/MQTT/MQTTPacket/src/MQTTFormat.o
 .text.MQTTStringFormat_publish
                0x00000000       0xb6 ioLibrary_Driver-master/Internet/MQTT/MQTTPacket/src/MQTTFormat.o
 .text.MQTTStringFormat_ack
                0x00000000       0x9c ioLibrary_Driver-master/Internet/MQTT/MQTTPacket/src/MQTTFormat.o
 .text.MQTTStringFormat_subscribe
                0x00000000       0x6c ioLibrary_Driver-master/Internet/MQTT/MQTTPacket/src/MQTTFormat.o
 .text.MQTTStringFormat_suback
                0x00000000       0x42 ioLibrary_Driver-master/Internet/MQTT/MQTTPacket/src/MQTTFormat.o
 .text.MQTTStringFormat_unsubscribe
                0x00000000       0x56 ioLibrary_Driver-master/Internet/MQTT/MQTTPacket/src/MQTTFormat.o
 .text.MQTTFormat_toClientString
                0x00000000      0x21e ioLibrary_Driver-master/Internet/MQTT/MQTTPacket/src/MQTTFormat.o
 .progmem.gcc_sw_table.MQTTFormat_toClientString
                0x00000000       0x1a ioLibrary_Driver-master/Internet/MQTT/MQTTPacket/src/MQTTFormat.o
 .text.MQTTFormat_toServerString
                0x00000000      0x23a ioLibrary_Driver-master/Internet/MQTT/MQTTPacket/src/MQTTFormat.o
 .progmem.gcc_sw_table.MQTTFormat_toServerString
                0x00000000       0x1c ioLibrary_Driver-master/Internet/MQTT/MQTTPacket/src/MQTTFormat.o
 .data.MQTTPacket_names
                0x00000000       0x1e ioLibrary_Driver-master/Internet/MQTT/MQTTPacket/src/MQTTFormat.o
 .debug_info    0x00000000      0xf97 ioLibrary_Driver-master/Internet/MQTT/MQTTPacket/src/MQTTFormat.o
 .debug_abbrev  0x00000000      0x21f ioLibrary_Driver-master/Internet/MQTT/MQTTPacket/src/MQTTFormat.o
 .debug_loc     0x00000000     0x132b ioLibrary_Driver-master/Internet/MQTT/MQTTPacket/src/MQTTFormat.o
 .debug_aranges
                0x00000000       0x68 ioLibrary_Driver-master/Internet/MQTT/MQTTPacket/src/MQTTFormat.o
 .debug_ranges  0x00000000       0x58 ioLibrary_Driver-master/Internet/MQTT/MQTTPacket/src/MQTTFormat.o
 .debug_line    0x00000000      0x3a4 ioLibrary_Driver-master/Internet/MQTT/MQTTPacket/src/MQTTFormat.o
 .debug_str     0x00000000      0x5e1 ioLibrary_Driver-master/Internet/MQTT/MQTTPacket/src/MQTTFormat.o
 .comment       0x00000000       0x31 ioLibrary_Driver-master/Internet/MQTT/MQTTPacket/src/MQTTFormat.o
 .debug_frame   0x00000000      0x3d4 ioLibrary_Driver-master/Internet/MQTT/MQTTPacket/src/MQTTFormat.o
 .text          0x00000000        0x0 ioLibrary_Driver-master/Internet/MQTT/MQTTPacket/src/MQTTPacket.o
 .data          0x00000000        0x0 ioLibrary_Driver-master/Internet/MQTT/MQTTPacket/src/MQTTPacket.o
 .bss           0x00000000        0x0 ioLibrary_Driver-master/Internet/MQTT/MQTTPacket/src/MQTTPacket.o
 .text.getLenStringLen
                0x00000000       0x16 ioLibrary_Driver-master/Internet/MQTT/MQTTPacket/src/MQTTPacket.o
 .text.MQTTPacket_read
                0x00000000       0x9a ioLibrary_Driver-master/Internet/MQTT/MQTTPacket/src/MQTTPacket.o
 .text.MQTTPacket_readnb
                0x00000000      0x1ec ioLibrary_Driver-master/Internet/MQTT/MQTTPacket/src/MQTTPacket.o
 .text          0x00000000        0x0 ioLibrary_Driver-master/Internet/MQTT/MQTTPacket/src/MQTTSerializePublish.o
 .data          0x00000000        0x0 ioLibrary_Driver-master/Internet/MQTT/MQTTPacket/src/MQTTSerializePublish.o
 .bss           0x00000000        0x0 ioLibrary_Driver-master/Internet/MQTT/MQTTPacket/src/MQTTSerializePublish.o
 .text.MQTTSerialize_puback
                0x00000000       0x14 ioLibrary_Driver-master/Internet/MQTT/MQTTPacket/src/MQTTSerializePublish.o
 .text.MQTTSerialize_pubrel
                0x00000000       0x14 ioLibrary_Driver-master/Internet/MQTT/MQTTPacket/src/MQTTSerializePublish.o
 .text.MQTTSerialize_pubcomp
                0x00000000       0x14 ioLibrary_Driver-master/Internet/MQTT/MQTTPacket/src/MQTTSerializePublish.o
 .text          0x00000000        0x0 ioLibrary_Driver-master/Internet/MQTT/MQTTPacket/src/MQTTSubscribeClient.o
 .data          0x00000000        0x0 ioLibrary_Driver-master/Internet/MQTT/MQTTPacket/src/MQTTSubscribeClient.o
 .bss           0x00000000        0x0 ioLibrary_Driver-master/Internet/MQTT/MQTTPacket/src/MQTTSubscribeClient.o
 .text          0x00000000        0x0 ioLibrary_Driver-master/Internet/MQTT/MQTTPacket/src/MQTTSubscribeServer.o
 .data          0x00000000        0x0 ioLibrary_Driver-master/Internet/MQTT/MQTTPacket/src/MQTTSubscribeServer.o
 .bss           0x00000000        0x0 ioLibrary_Driver-master/Internet/MQTT/MQTTPacket/src/MQTTSubscribeServer.o
 .text.MQTTDeserialize_subscribe
                0x00000000      0x13c ioLibrary_Driver-master/Internet/MQTT/MQTTPacket/src/MQTTSubscribeServer.o
 .text.MQTTSerialize_suback
                0x00000000       0xb4 ioLibrary_Driver-master/Internet/MQTT/MQTTPacket/src/MQTTSubscribeServer.o
 .debug_info    0x00000000      0x4d7 ioLibrary_Driver-master/Internet/MQTT/MQTTPacket/src/MQTTSubscribeServer.o
 .debug_abbrev  0x00000000      0x19a ioLibrary_Driver-master/Internet/MQTT/MQTTPacket/src/MQTTSubscribeServer.o
 .debug_loc     0x00000000      0x5f7 ioLibrary_Driver-master/Internet/MQTT/MQTTPacket/src/MQTTSubscribeServer.o
 .debug_aranges
                0x00000000       0x28 ioLibrary_Driver-master/Internet/MQTT/MQTTPacket/src/MQTTSubscribeServer.o
 .debug_ranges  0x00000000       0x18 ioLibrary_Driver-master/Internet/MQTT/MQTTPacket/src/MQTTSubscribeServer.o
 .debug_line    0x00000000      0x158 ioLibrary_Driver-master/Internet/MQTT/MQTTPacket/src/MQTTSubscribeServer.o
 .debug_str     0x00000000      0x3e2 ioLibrary_Driver-master/Internet/MQTT/MQTTPacket/src/MQTTSubscribeServer.o
 .comment       0x00000000       0x31 ioLibrary_Driver-master/Internet/MQTT/MQTTPacket/src/MQTTSubscribeServer.o
 .debug_frame   0x00000000       0xd0 ioLibrary_Driver-master/Internet/MQTT/MQTTPacket/src/MQTTSubscribeServer.o
 .text          0x00000000        0x0 ioLibrary_Driver-master/Internet/MQTT/MQTTPacket/src/MQTTUnsubscribeClient.o
 .data          0x00000000        0x0 ioLibrary_Driver-master/Internet/MQTT/MQTTPacket/src/MQTTUnsubscribeClient.o
 .bss           0x00000000        0x0 ioLibrary_Driver-master/Internet/MQTT/MQTTPacket/src/MQTTUnsubscribeClient.o
 .text.MQTTSerialize_unsubscribeLength
                0x00000000       0x60 ioLibrary_Driver-master/Internet/MQTT/MQTTPacket/src/MQTTUnsubscribeClient.o
 .text.MQTTSerialize_unsubscribe
                0x00000000       0xe4 ioLibrary_Driver-master/Internet/MQTT/MQTTPacket/src/MQTTUnsubscribeClient.o
 .text.MQTTDeserialize_unsuback
                0x00000000       0x3e ioLibrary_Driver-master/Internet/MQTT/MQTTPacket/src/MQTTUnsubscribeClient.o
 .debug_info    0x00000000      0x4d7 ioLibrary_Driver-master/Internet/MQTT/MQTTPacket/src/MQTTUnsubscribeClient.o
 .debug_abbrev  0x00000000      0x198 ioLibrary_Driver-master/Internet/MQTT/MQTTPacket/src/MQTTUnsubscribeClient.o
 .debug_loc     0x00000000      0x561 ioLibrary_Driver-master/Internet/MQTT/MQTTPacket/src/MQTTUnsubscribeClient.o
 .debug_aranges
                0x00000000       0x30 ioLibrary_Driver-master/Internet/MQTT/MQTTPacket/src/MQTTUnsubscribeClient.o
 .debug_ranges  0x00000000       0x20 ioLibrary_Driver-master/Internet/MQTT/MQTTPacket/src/MQTTUnsubscribeClient.o
 .debug_line    0x00000000      0x154 ioLibrary_Driver-master/Internet/MQTT/MQTTPacket/src/MQTTUnsubscribeClient.o
 .debug_str     0x00000000      0x3dd ioLibrary_Driver-master/Internet/MQTT/MQTTPacket/src/MQTTUnsubscribeClient.o
 .comment       0x00000000       0x31 ioLibrary_Driver-master/Internet/MQTT/MQTTPacket/src/MQTTUnsubscribeClient.o
 .debug_frame   0x00000000       0xd4 ioLibrary_Driver-master/Internet/MQTT/MQTTPacket/src/MQTTUnsubscribeClient.o
 .text          0x00000000        0x0 ioLibrary_Driver-master/Internet/MQTT/MQTTPacket/src/MQTTUnsubscribeServer.o
 .data          0x00000000        0x0 ioLibrary_Driver-master/Internet/MQTT/MQTTPacket/src/MQTTUnsubscribeServer.o
 .bss           0x00000000        0x0 ioLibrary_Driver-master/Internet/MQTT/MQTTPacket/src/MQTTUnsubscribeServer.o
 .text.MQTTDeserialize_unsubscribe
                0x00000000      0x102 ioLibrary_Driver-master/Internet/MQTT/MQTTPacket/src/MQTTUnsubscribeServer.o
 .text.MQTTSerialize_unsuback
                0x00000000       0x6c ioLibrary_Driver-master/Internet/MQTT/MQTTPacket/src/MQTTUnsubscribeServer.o
 .debug_info    0x00000000      0x46a ioLibrary_Driver-master/Internet/MQTT/MQTTPacket/src/MQTTUnsubscribeServer.o
 .debug_abbrev  0x00000000      0x19a ioLibrary_Driver-master/Internet/MQTT/MQTTPacket/src/MQTTUnsubscribeServer.o
 .debug_loc     0x00000000      0x485 ioLibrary_Driver-master/Internet/MQTT/MQTTPacket/src/MQTTUnsubscribeServer.o
 .debug_aranges
                0x00000000       0x28 ioLibrary_Driver-master/Internet/MQTT/MQTTPacket/src/MQTTUnsubscribeServer.o
 .debug_ranges  0x00000000       0x18 ioLibrary_Driver-master/Internet/MQTT/MQTTPacket/src/MQTTUnsubscribeServer.o
 .debug_line    0x00000000      0x134 ioLibrary_Driver-master/Internet/MQTT/MQTTPacket/src/MQTTUnsubscribeServer.o
 .debug_str     0x00000000      0x3ce ioLibrary_Driver-master/Internet/MQTT/MQTTPacket/src/MQTTUnsubscribeServer.o
 .comment       0x00000000       0x31 ioLibrary_Driver-master/Internet/MQTT/MQTTPacket/src/MQTTUnsubscribeServer.o
 .debug_frame   0x00000000       0x9c ioLibrary_Driver-master/Internet/MQTT/MQTTPacket/src/MQTTUnsubscribeServer.o
 .text          0x00000000        0x0 ioLibrary_Driver-master/Internet/MQTT/mqtt_interface.o
 .data          0x00000000        0x0 ioLibrary_Driver-master/Internet/MQTT/mqtt_interface.o
 .bss           0x00000000        0x0 ioLibrary_Driver-master/Internet/MQTT/mqtt_interface.o
 .text          0x00000000        0x0 main.o
 .data          0x00000000        0x0 main.o
 .bss           0x00000000        0x0 main.o
 .text._Z18NVIC_configurationv
                0x00000000        0x2 main.o
 .text._Z15SysTick_Handlerv
                0x00000000        0xe main.o
 .text          0x00000000        0x0 Pin_ATMEGA328.o
 .data          0x00000000        0x0 Pin_ATMEGA328.o
 .bss           0x00000000        0x0 Pin_ATMEGA328.o
 .text._ZN3PinC2Ev
                0x00000000        0x2 Pin_ATMEGA328.o
 .text._ZN3Pin12merke_statusEb
                0x00000000        0x6 Pin_ATMEGA328.o
 .text._ZN3Pin11lese_statusEv
                0x00000000      0x268 Pin_ATMEGA328.o
 .progmem.gcc_sw_table._ZN3Pin11lese_statusEv
                0x00000000       0x2e Pin_ATMEGA328.o
 .text._ZN3Pin9lese_PortEv
                0x00000000        0x6 Pin_ATMEGA328.o
 .text._ZN3Pin14lese_PinNummerEv
                0x00000000        0x6 Pin_ATMEGA328.o
 .text._ZN3Pin10setze_PortEc
                0x00000000        0x6 Pin_ATMEGA328.o
 .text._ZN3Pin15setze_PinNummerEh
                0x00000000        0x6 Pin_ATMEGA328.o
 .text._ZN3Pin14setze_RichtungEb
                0x00000000        0x6 Pin_ATMEGA328.o
 .text._ZN3Pin10toggle_PinEv
                0x00000000       0x26 Pin_ATMEGA328.o
 .text          0x00000000        0x0 SPI_ATMEGA328.o
 .data          0x00000000        0x0 SPI_ATMEGA328.o
 .bss           0x00000000        0x0 SPI_ATMEGA328.o
 .text._Z14spi_tranceiverc
                0x00000000        0xc SPI_ATMEGA328.o
 .text._Z19spi_transmit_stringPc
                0x00000000       0x64 SPI_ATMEGA328.o
 .text          0x00000000        0x0 UART_ATMEGA328.o
 .data          0x00000000        0x0 UART_ATMEGA328.o
 .bss           0x00000000        0x0 UART_ATMEGA328.o
 .text._Z12uart_recievev
                0x00000000       0x10 UART_ATMEGA328.o
 .text          0x00000000        0x0 c:/program files (x86)/atmel/studio/7.0/toolchain/avr8/avr8-gnu-toolchain/bin/../lib/gcc/avr/5.4.0/avr5\libgcc.a(_exit.o)
 .data          0x00000000        0x0 c:/program files (x86)/atmel/studio/7.0/toolchain/avr8/avr8-gnu-toolchain/bin/../lib/gcc/avr/5.4.0/avr5\libgcc.a(_exit.o)
 .bss           0x00000000        0x0 c:/program files (x86)/atmel/studio/7.0/toolchain/avr8/avr8-gnu-toolchain/bin/../lib/gcc/avr/5.4.0/avr5\libgcc.a(_exit.o)
 .text.libgcc.mul
                0x00000000        0x0 c:/program files (x86)/atmel/studio/7.0/toolchain/avr8/avr8-gnu-toolchain/bin/../lib/gcc/avr/5.4.0/avr5\libgcc.a(_exit.o)
 .text.libgcc.div
                0x00000000        0x0 c:/program files (x86)/atmel/studio/7.0/toolchain/avr8/avr8-gnu-toolchain/bin/../lib/gcc/avr/5.4.0/avr5\libgcc.a(_exit.o)
 .text.libgcc   0x00000000        0x0 c:/program files (x86)/atmel/studio/7.0/toolchain/avr8/avr8-gnu-toolchain/bin/../lib/gcc/avr/5.4.0/avr5\libgcc.a(_exit.o)
 .text.libgcc.prologue
                0x00000000        0x0 c:/program files (x86)/atmel/studio/7.0/toolchain/avr8/avr8-gnu-toolchain/bin/../lib/gcc/avr/5.4.0/avr5\libgcc.a(_exit.o)
 .text.libgcc.builtins
                0x00000000        0x0 c:/program files (x86)/atmel/studio/7.0/toolchain/avr8/avr8-gnu-toolchain/bin/../lib/gcc/avr/5.4.0/avr5\libgcc.a(_exit.o)
 .text.libgcc.fmul
                0x00000000        0x0 c:/program files (x86)/atmel/studio/7.0/toolchain/avr8/avr8-gnu-toolchain/bin/../lib/gcc/avr/5.4.0/avr5\libgcc.a(_exit.o)
 .text.libgcc.fixed
                0x00000000        0x0 c:/program files (x86)/atmel/studio/7.0/toolchain/avr8/avr8-gnu-toolchain/bin/../lib/gcc/avr/5.4.0/avr5\libgcc.a(_exit.o)
 .text          0x00000000        0x0 c:/program files (x86)/atmel/studio/7.0/toolchain/avr8/avr8-gnu-toolchain/bin/../lib/gcc/avr/5.4.0/avr5\libgcc.a(_tablejump2.o)
 .data          0x00000000        0x0 c:/program files (x86)/atmel/studio/7.0/toolchain/avr8/avr8-gnu-toolchain/bin/../lib/gcc/avr/5.4.0/avr5\libgcc.a(_tablejump2.o)
 .bss           0x00000000        0x0 c:/program files (x86)/atmel/studio/7.0/toolchain/avr8/avr8-gnu-toolchain/bin/../lib/gcc/avr/5.4.0/avr5\libgcc.a(_tablejump2.o)
 .text.libgcc.mul
                0x00000000        0x0 c:/program files (x86)/atmel/studio/7.0/toolchain/avr8/avr8-gnu-toolchain/bin/../lib/gcc/avr/5.4.0/avr5\libgcc.a(_tablejump2.o)
 .text.libgcc.div
                0x00000000        0x0 c:/program files (x86)/atmel/studio/7.0/toolchain/avr8/avr8-gnu-toolchain/bin/../lib/gcc/avr/5.4.0/avr5\libgcc.a(_tablejump2.o)
 .text.libgcc.prologue
                0x00000000        0x0 c:/program files (x86)/atmel/studio/7.0/toolchain/avr8/avr8-gnu-toolchain/bin/../lib/gcc/avr/5.4.0/avr5\libgcc.a(_tablejump2.o)
 .text.libgcc.builtins
                0x00000000        0x0 c:/program files (x86)/atmel/studio/7.0/toolchain/avr8/avr8-gnu-toolchain/bin/../lib/gcc/avr/5.4.0/avr5\libgcc.a(_tablejump2.o)
 .text.libgcc.fmul
                0x00000000        0x0 c:/program files (x86)/atmel/studio/7.0/toolchain/avr8/avr8-gnu-toolchain/bin/../lib/gcc/avr/5.4.0/avr5\libgcc.a(_tablejump2.o)
 .text.libgcc.fixed
                0x00000000        0x0 c:/program files (x86)/atmel/studio/7.0/toolchain/avr8/avr8-gnu-toolchain/bin/../lib/gcc/avr/5.4.0/avr5\libgcc.a(_tablejump2.o)
 .text          0x00000000        0x0 c:/program files (x86)/atmel/studio/7.0/toolchain/avr8/avr8-gnu-toolchain/bin/../lib/gcc/avr/5.4.0/avr5\libgcc.a(_copy_data.o)
 .data          0x00000000        0x0 c:/program files (x86)/atmel/studio/7.0/toolchain/avr8/avr8-gnu-toolchain/bin/../lib/gcc/avr/5.4.0/avr5\libgcc.a(_copy_data.o)
 .bss           0x00000000        0x0 c:/program files (x86)/atmel/studio/7.0/toolchain/avr8/avr8-gnu-toolchain/bin/../lib/gcc/avr/5.4.0/avr5\libgcc.a(_copy_data.o)
 .text.libgcc.mul
                0x00000000        0x0 c:/program files (x86)/atmel/studio/7.0/toolchain/avr8/avr8-gnu-toolchain/bin/../lib/gcc/avr/5.4.0/avr5\libgcc.a(_copy_data.o)
 .text.libgcc.div
                0x00000000        0x0 c:/program files (x86)/atmel/studio/7.0/toolchain/avr8/avr8-gnu-toolchain/bin/../lib/gcc/avr/5.4.0/avr5\libgcc.a(_copy_data.o)
 .text.libgcc   0x00000000        0x0 c:/program files (x86)/atmel/studio/7.0/toolchain/avr8/avr8-gnu-toolchain/bin/../lib/gcc/avr/5.4.0/avr5\libgcc.a(_copy_data.o)
 .text.libgcc.prologue
                0x00000000        0x0 c:/program files (x86)/atmel/studio/7.0/toolchain/avr8/avr8-gnu-toolchain/bin/../lib/gcc/avr/5.4.0/avr5\libgcc.a(_copy_data.o)
 .text.libgcc.builtins
                0x00000000        0x0 c:/program files (x86)/atmel/studio/7.0/toolchain/avr8/avr8-gnu-toolchain/bin/../lib/gcc/avr/5.4.0/avr5\libgcc.a(_copy_data.o)
 .text.libgcc.fmul
                0x00000000        0x0 c:/program files (x86)/atmel/studio/7.0/toolchain/avr8/avr8-gnu-toolchain/bin/../lib/gcc/avr/5.4.0/avr5\libgcc.a(_copy_data.o)
 .text.libgcc.fixed
                0x00000000        0x0 c:/program files (x86)/atmel/studio/7.0/toolchain/avr8/avr8-gnu-toolchain/bin/../lib/gcc/avr/5.4.0/avr5\libgcc.a(_copy_data.o)
 .text          0x00000000        0x0 c:/program files (x86)/atmel/studio/7.0/toolchain/avr8/avr8-gnu-toolchain/bin/../lib/gcc/avr/5.4.0/avr5\libgcc.a(_clear_bss.o)
 .data          0x00000000        0x0 c:/program files (x86)/atmel/studio/7.0/toolchain/avr8/avr8-gnu-toolchain/bin/../lib/gcc/avr/5.4.0/avr5\libgcc.a(_clear_bss.o)
 .bss           0x00000000        0x0 c:/program files (x86)/atmel/studio/7.0/toolchain/avr8/avr8-gnu-toolchain/bin/../lib/gcc/avr/5.4.0/avr5\libgcc.a(_clear_bss.o)
 .text.libgcc.mul
                0x00000000        0x0 c:/program files (x86)/atmel/studio/7.0/toolchain/avr8/avr8-gnu-toolchain/bin/../lib/gcc/avr/5.4.0/avr5\libgcc.a(_clear_bss.o)
 .text.libgcc.div
                0x00000000        0x0 c:/program files (x86)/atmel/studio/7.0/toolchain/avr8/avr8-gnu-toolchain/bin/../lib/gcc/avr/5.4.0/avr5\libgcc.a(_clear_bss.o)
 .text.libgcc   0x00000000        0x0 c:/program files (x86)/atmel/studio/7.0/toolchain/avr8/avr8-gnu-toolchain/bin/../lib/gcc/avr/5.4.0/avr5\libgcc.a(_clear_bss.o)
 .text.libgcc.prologue
                0x00000000        0x0 c:/program files (x86)/atmel/studio/7.0/toolchain/avr8/avr8-gnu-toolchain/bin/../lib/gcc/avr/5.4.0/avr5\libgcc.a(_clear_bss.o)
 .text.libgcc.builtins
                0x00000000        0x0 c:/program files (x86)/atmel/studio/7.0/toolchain/avr8/avr8-gnu-toolchain/bin/../lib/gcc/avr/5.4.0/avr5\libgcc.a(_clear_bss.o)
 .text.libgcc.fmul
                0x00000000        0x0 c:/program files (x86)/atmel/studio/7.0/toolchain/avr8/avr8-gnu-toolchain/bin/../lib/gcc/avr/5.4.0/avr5\libgcc.a(_clear_bss.o)
 .text.libgcc.fixed
                0x00000000        0x0 c:/program files (x86)/atmel/studio/7.0/toolchain/avr8/avr8-gnu-toolchain/bin/../lib/gcc/avr/5.4.0/avr5\libgcc.a(_clear_bss.o)
 .text          0x00000000        0x0 c:/program files (x86)/atmel/studio/7.0/toolchain/avr8/avr8-gnu-toolchain/bin/../lib/gcc/avr/5.4.0/avr5\libgcc.a(_ctors.o)
 .data          0x00000000        0x0 c:/program files (x86)/atmel/studio/7.0/toolchain/avr8/avr8-gnu-toolchain/bin/../lib/gcc/avr/5.4.0/avr5\libgcc.a(_ctors.o)
 .bss           0x00000000        0x0 c:/program files (x86)/atmel/studio/7.0/toolchain/avr8/avr8-gnu-toolchain/bin/../lib/gcc/avr/5.4.0/avr5\libgcc.a(_ctors.o)
 .text.libgcc.mul
                0x00000000        0x0 c:/program files (x86)/atmel/studio/7.0/toolchain/avr8/avr8-gnu-toolchain/bin/../lib/gcc/avr/5.4.0/avr5\libgcc.a(_ctors.o)
 .text.libgcc.div
                0x00000000        0x0 c:/program files (x86)/atmel/studio/7.0/toolchain/avr8/avr8-gnu-toolchain/bin/../lib/gcc/avr/5.4.0/avr5\libgcc.a(_ctors.o)
 .text.libgcc   0x00000000        0x0 c:/program files (x86)/atmel/studio/7.0/toolchain/avr8/avr8-gnu-toolchain/bin/../lib/gcc/avr/5.4.0/avr5\libgcc.a(_ctors.o)
 .text.libgcc.prologue
                0x00000000        0x0 c:/program files (x86)/atmel/studio/7.0/toolchain/avr8/avr8-gnu-toolchain/bin/../lib/gcc/avr/5.4.0/avr5\libgcc.a(_ctors.o)
 .text.libgcc.builtins
                0x00000000        0x0 c:/program files (x86)/atmel/studio/7.0/toolchain/avr8/avr8-gnu-toolchain/bin/../lib/gcc/avr/5.4.0/avr5\libgcc.a(_ctors.o)
 .text.libgcc.fmul
                0x00000000        0x0 c:/program files (x86)/atmel/studio/7.0/toolchain/avr8/avr8-gnu-toolchain/bin/../lib/gcc/avr/5.4.0/avr5\libgcc.a(_ctors.o)
 .text.libgcc.fixed
                0x00000000        0x0 c:/program files (x86)/atmel/studio/7.0/toolchain/avr8/avr8-gnu-toolchain/bin/../lib/gcc/avr/5.4.0/avr5\libgcc.a(_ctors.o)
 .text          0x00000000        0x0 c:/program files (x86)/atmel/studio/7.0/toolchain/avr8/avr8-gnu-toolchain/bin/../lib/gcc/avr/5.4.0/../../../../avr/lib/avr5\libc.a(memcmp.o)
 .data          0x00000000        0x0 c:/program files (x86)/atmel/studio/7.0/toolchain/avr8/avr8-gnu-toolchain/bin/../lib/gcc/avr/5.4.0/../../../../avr/lib/avr5\libc.a(memcmp.o)
 .bss           0x00000000        0x0 c:/program files (x86)/atmel/studio/7.0/toolchain/avr8/avr8-gnu-toolchain/bin/../lib/gcc/avr/5.4.0/../../../../avr/lib/avr5\libc.a(memcmp.o)
 .text.avr-libc
                0x00000000       0x1a c:/program files (x86)/atmel/studio/7.0/toolchain/avr8/avr8-gnu-toolchain/bin/../lib/gcc/avr/5.4.0/../../../../avr/lib/avr5\libc.a(memcmp.o)
 .text          0x00000000        0x0 c:/program files (x86)/atmel/studio/7.0/toolchain/avr8/avr8-gnu-toolchain/bin/../lib/gcc/avr/5.4.0/../../../../avr/lib/avr5\libc.a(memcpy.o)
 .data          0x00000000        0x0 c:/program files (x86)/atmel/studio/7.0/toolchain/avr8/avr8-gnu-toolchain/bin/../lib/gcc/avr/5.4.0/../../../../avr/lib/avr5\libc.a(memcpy.o)
 .bss           0x00000000        0x0 c:/program files (x86)/atmel/studio/7.0/toolchain/avr8/avr8-gnu-toolchain/bin/../lib/gcc/avr/5.4.0/../../../../avr/lib/avr5\libc.a(memcpy.o)
 .text          0x00000000        0x0 c:/program files (x86)/atmel/studio/7.0/toolchain/avr8/avr8-gnu-toolchain/bin/../lib/gcc/avr/5.4.0/../../../../avr/lib/avr5\libc.a(strncmp.o)
 .data          0x00000000        0x0 c:/program files (x86)/atmel/studio/7.0/toolchain/avr8/avr8-gnu-toolchain/bin/../lib/gcc/avr/5.4.0/../../../../avr/lib/avr5\libc.a(strncmp.o)
 .bss           0x00000000        0x0 c:/program files (x86)/atmel/studio/7.0/toolchain/avr8/avr8-gnu-toolchain/bin/../lib/gcc/avr/5.4.0/../../../../avr/lib/avr5\libc.a(strncmp.o)
 .text          0x00000000        0x0 c:/program files (x86)/atmel/studio/7.0/toolchain/avr8/avr8-gnu-toolchain/bin/../lib/gcc/avr/5.4.0/../../../../avr/lib/avr5\libc.a(itoa_ncheck.o)
 .data          0x00000000        0x0 c:/program files (x86)/atmel/studio/7.0/toolchain/avr8/avr8-gnu-toolchain/bin/../lib/gcc/avr/5.4.0/../../../../avr/lib/avr5\libc.a(itoa_ncheck.o)
 .bss           0x00000000        0x0 c:/program files (x86)/atmel/studio/7.0/toolchain/avr8/avr8-gnu-toolchain/bin/../lib/gcc/avr/5.4.0/../../../../avr/lib/avr5\libc.a(itoa_ncheck.o)
 .text          0x00000000        0x0 c:/program files (x86)/atmel/studio/7.0/toolchain/avr8/avr8-gnu-toolchain/bin/../lib/gcc/avr/5.4.0/../../../../avr/lib/avr5\libc.a(utoa_ncheck.o)
 .data          0x00000000        0x0 c:/program files (x86)/atmel/studio/7.0/toolchain/avr8/avr8-gnu-toolchain/bin/../lib/gcc/avr/5.4.0/../../../../avr/lib/avr5\libc.a(utoa_ncheck.o)
 .bss           0x00000000        0x0 c:/program files (x86)/atmel/studio/7.0/toolchain/avr8/avr8-gnu-toolchain/bin/../lib/gcc/avr/5.4.0/../../../../avr/lib/avr5\libc.a(utoa_ncheck.o)
 .text          0x00000000        0x0 c:/program files (x86)/atmel/studio/7.0/toolchain/avr8/avr8-gnu-toolchain/bin/../lib/gcc/avr/5.4.0/../../../../avr/lib/avr5\libc.a(printf.o)
 .data          0x00000000        0x0 c:/program files (x86)/atmel/studio/7.0/toolchain/avr8/avr8-gnu-toolchain/bin/../lib/gcc/avr/5.4.0/../../../../avr/lib/avr5\libc.a(printf.o)
 .bss           0x00000000        0x0 c:/program files (x86)/atmel/studio/7.0/toolchain/avr8/avr8-gnu-toolchain/bin/../lib/gcc/avr/5.4.0/../../../../avr/lib/avr5\libc.a(printf.o)
 .text.avr-libc
                0x00000000       0x2c c:/program files (x86)/atmel/studio/7.0/toolchain/avr8/avr8-gnu-toolchain/bin/../lib/gcc/avr/5.4.0/../../../../avr/lib/avr5\libc.a(printf.o)
 .comment       0x00000000       0x31 c:/program files (x86)/atmel/studio/7.0/toolchain/avr8/avr8-gnu-toolchain/bin/../lib/gcc/avr/5.4.0/../../../../avr/lib/avr5\libc.a(printf.o)
 .text          0x00000000        0x0 c:/program files (x86)/atmel/studio/7.0/toolchain/avr8/avr8-gnu-toolchain/bin/../lib/gcc/avr/5.4.0/../../../../avr/lib/avr5\libc.a(snprintf.o)
 .data          0x00000000        0x0 c:/program files (x86)/atmel/studio/7.0/toolchain/avr8/avr8-gnu-toolchain/bin/../lib/gcc/avr/5.4.0/../../../../avr/lib/avr5\libc.a(snprintf.o)
 .bss           0x00000000        0x0 c:/program files (x86)/atmel/studio/7.0/toolchain/avr8/avr8-gnu-toolchain/bin/../lib/gcc/avr/5.4.0/../../../../avr/lib/avr5\libc.a(snprintf.o)
 .text.avr-libc
                0x00000000       0x60 c:/program files (x86)/atmel/studio/7.0/toolchain/avr8/avr8-gnu-toolchain/bin/../lib/gcc/avr/5.4.0/../../../../avr/lib/avr5\libc.a(snprintf.o)
 .comment       0x00000000       0x31 c:/program files (x86)/atmel/studio/7.0/toolchain/avr8/avr8-gnu-toolchain/bin/../lib/gcc/avr/5.4.0/../../../../avr/lib/avr5\libc.a(snprintf.o)
 .text          0x00000000        0x0 c:/program files (x86)/atmel/studio/7.0/toolchain/avr8/avr8-gnu-toolchain/bin/../lib/gcc/avr/5.4.0/../../../../avr/lib/avr5\libc.a(sprintf.o)
 .data          0x00000000        0x0 c:/program files (x86)/atmel/studio/7.0/toolchain/avr8/avr8-gnu-toolchain/bin/../lib/gcc/avr/5.4.0/../../../../avr/lib/avr5\libc.a(sprintf.o)
 .bss           0x00000000        0x0 c:/program files (x86)/atmel/studio/7.0/toolchain/avr8/avr8-gnu-toolchain/bin/../lib/gcc/avr/5.4.0/../../../../avr/lib/avr5\libc.a(sprintf.o)
 .text          0x00000000        0x0 c:/program files (x86)/atmel/studio/7.0/toolchain/avr8/avr8-gnu-toolchain/bin/../lib/gcc/avr/5.4.0/../../../../avr/lib/avr5\libc.a(vfprintf_std.o)
 .data          0x00000000        0x0 c:/program files (x86)/atmel/studio/7.0/toolchain/avr8/avr8-gnu-toolchain/bin/../lib/gcc/avr/5.4.0/../../../../avr/lib/avr5\libc.a(vfprintf_std.o)
 .bss           0x00000000        0x0 c:/program files (x86)/atmel/studio/7.0/toolchain/avr8/avr8-gnu-toolchain/bin/../lib/gcc/avr/5.4.0/../../../../avr/lib/avr5\libc.a(vfprintf_std.o)
 .text          0x00000000        0x0 c:/program files (x86)/atmel/studio/7.0/toolchain/avr8/avr8-gnu-toolchain/bin/../lib/gcc/avr/5.4.0/../../../../avr/lib/avr5\libc.a(strnlen_P.o)
 .data          0x00000000        0x0 c:/program files (x86)/atmel/studio/7.0/toolchain/avr8/avr8-gnu-toolchain/bin/../lib/gcc/avr/5.4.0/../../../../avr/lib/avr5\libc.a(strnlen_P.o)
 .bss           0x00000000        0x0 c:/program files (x86)/atmel/studio/7.0/toolchain/avr8/avr8-gnu-toolchain/bin/../lib/gcc/avr/5.4.0/../../../../avr/lib/avr5\libc.a(strnlen_P.o)
 .text          0x00000000        0x0 c:/program files (x86)/atmel/studio/7.0/toolchain/avr8/avr8-gnu-toolchain/bin/../lib/gcc/avr/5.4.0/../../../../avr/lib/avr5\libc.a(strnlen.o)
 .data          0x00000000        0x0 c:/program files (x86)/atmel/studio/7.0/toolchain/avr8/avr8-gnu-toolchain/bin/../lib/gcc/avr/5.4.0/../../../../avr/lib/avr5\libc.a(strnlen.o)
 .bss           0x00000000        0x0 c:/program files (x86)/atmel/studio/7.0/toolchain/avr8/avr8-gnu-toolchain/bin/../lib/gcc/avr/5.4.0/../../../../avr/lib/avr5\libc.a(strnlen.o)
 .text          0x00000000        0x0 c:/program files (x86)/atmel/studio/7.0/toolchain/avr8/avr8-gnu-toolchain/bin/../lib/gcc/avr/5.4.0/../../../../avr/lib/avr5\libc.a(strrev.o)
 .data          0x00000000        0x0 c:/program files (x86)/atmel/studio/7.0/toolchain/avr8/avr8-gnu-toolchain/bin/../lib/gcc/avr/5.4.0/../../../../avr/lib/avr5\libc.a(strrev.o)
 .bss           0x00000000        0x0 c:/program files (x86)/atmel/studio/7.0/toolchain/avr8/avr8-gnu-toolchain/bin/../lib/gcc/avr/5.4.0/../../../../avr/lib/avr5\libc.a(strrev.o)
 .text          0x00000000        0x0 c:/program files (x86)/atmel/studio/7.0/toolchain/avr8/avr8-gnu-toolchain/bin/../lib/gcc/avr/5.4.0/../../../../avr/lib/avr5\libc.a(fputc.o)
 .data          0x00000000        0x0 c:/program files (x86)/atmel/studio/7.0/toolchain/avr8/avr8-gnu-toolchain/bin/../lib/gcc/avr/5.4.0/../../../../avr/lib/avr5\libc.a(fputc.o)
 .bss           0x00000000        0x0 c:/program files (x86)/atmel/studio/7.0/toolchain/avr8/avr8-gnu-toolchain/bin/../lib/gcc/avr/5.4.0/../../../../avr/lib/avr5\libc.a(fputc.o)
 .text          0x00000000        0x0 c:/program files (x86)/atmel/studio/7.0/toolchain/avr8/avr8-gnu-toolchain/bin/../lib/gcc/avr/5.4.0/../../../../avr/lib/avr5\libc.a(iob.o)
 .data          0x00000000        0x0 c:/program files (x86)/atmel/studio/7.0/toolchain/avr8/avr8-gnu-toolchain/bin/../lib/gcc/avr/5.4.0/../../../../avr/lib/avr5\libc.a(iob.o)
 .bss           0x00000000        0x0 c:/program files (x86)/atmel/studio/7.0/toolchain/avr8/avr8-gnu-toolchain/bin/../lib/gcc/avr/5.4.0/../../../../avr/lib/avr5\libc.a(iob.o)
 .comment       0x00000000       0x31 c:/program files (x86)/atmel/studio/7.0/toolchain/avr8/avr8-gnu-toolchain/bin/../lib/gcc/avr/5.4.0/../../../../avr/lib/avr5\libc.a(iob.o)
 COMMON         0x00000000        0x6 c:/program files (x86)/atmel/studio/7.0/toolchain/avr8/avr8-gnu-toolchain/bin/../lib/gcc/avr/5.4.0/../../../../avr/lib/avr5\libc.a(iob.o)
 .text          0x00000000        0x0 c:/program files (x86)/atmel/studio/7.0/toolchain/avr8/avr8-gnu-toolchain/bin/../lib/gcc/avr/5.4.0/../../../../avr/lib/avr5\libc.a(ultoa_invert.o)
 .data          0x00000000        0x0 c:/program files (x86)/atmel/studio/7.0/toolchain/avr8/avr8-gnu-toolchain/bin/../lib/gcc/avr/5.4.0/../../../../avr/lib/avr5\libc.a(ultoa_invert.o)
 .bss           0x00000000        0x0 c:/program files (x86)/atmel/studio/7.0/toolchain/avr8/avr8-gnu-toolchain/bin/../lib/gcc/avr/5.4.0/../../../../avr/lib/avr5\libc.a(ultoa_invert.o)
 .text          0x00000000        0x0 c:/program files (x86)/atmel/studio/7.0/toolchain/avr8/avr8-gnu-toolchain/bin/../lib/gcc/avr/5.4.0/avr5\libgcc.a(_prologue.o)
 .data          0x00000000        0x0 c:/program files (x86)/atmel/studio/7.0/toolchain/avr8/avr8-gnu-toolchain/bin/../lib/gcc/avr/5.4.0/avr5\libgcc.a(_prologue.o)
 .bss           0x00000000        0x0 c:/program files (x86)/atmel/studio/7.0/toolchain/avr8/avr8-gnu-toolchain/bin/../lib/gcc/avr/5.4.0/avr5\libgcc.a(_prologue.o)
 .text.libgcc.mul
                0x00000000        0x0 c:/program files (x86)/atmel/studio/7.0/toolchain/avr8/avr8-gnu-toolchain/bin/../lib/gcc/avr/5.4.0/avr5\libgcc.a(_prologue.o)
 .text.libgcc.div
                0x00000000        0x0 c:/program files (x86)/atmel/studio/7.0/toolchain/avr8/avr8-gnu-toolchain/bin/../lib/gcc/avr/5.4.0/avr5\libgcc.a(_prologue.o)
 .text.libgcc   0x00000000        0x0 c:/program files (x86)/atmel/studio/7.0/toolchain/avr8/avr8-gnu-toolchain/bin/../lib/gcc/avr/5.4.0/avr5\libgcc.a(_prologue.o)
 .text.libgcc.builtins
                0x00000000        0x0 c:/program files (x86)/atmel/studio/7.0/toolchain/avr8/avr8-gnu-toolchain/bin/../lib/gcc/avr/5.4.0/avr5\libgcc.a(_prologue.o)
 .text.libgcc.fmul
                0x00000000        0x0 c:/program files (x86)/atmel/studio/7.0/toolchain/avr8/avr8-gnu-toolchain/bin/../lib/gcc/avr/5.4.0/avr5\libgcc.a(_prologue.o)
 .text.libgcc.fixed
                0x00000000        0x0 c:/program files (x86)/atmel/studio/7.0/toolchain/avr8/avr8-gnu-toolchain/bin/../lib/gcc/avr/5.4.0/avr5\libgcc.a(_prologue.o)
 .text          0x00000000        0x0 c:/program files (x86)/atmel/studio/7.0/toolchain/avr8/avr8-gnu-toolchain/bin/../lib/gcc/avr/5.4.0/avr5\libgcc.a(_epilogue.o)
 .data          0x00000000        0x0 c:/program files (x86)/atmel/studio/7.0/toolchain/avr8/avr8-gnu-toolchain/bin/../lib/gcc/avr/5.4.0/avr5\libgcc.a(_epilogue.o)
 .bss           0x00000000        0x0 c:/program files (x86)/atmel/studio/7.0/toolchain/avr8/avr8-gnu-toolchain/bin/../lib/gcc/avr/5.4.0/avr5\libgcc.a(_epilogue.o)
 .text.libgcc.mul
                0x00000000        0x0 c:/program files (x86)/atmel/studio/7.0/toolchain/avr8/avr8-gnu-toolchain/bin/../lib/gcc/avr/5.4.0/avr5\libgcc.a(_epilogue.o)
 .text.libgcc.div
                0x00000000        0x0 c:/program files (x86)/atmel/studio/7.0/toolchain/avr8/avr8-gnu-toolchain/bin/../lib/gcc/avr/5.4.0/avr5\libgcc.a(_epilogue.o)
 .text.libgcc   0x00000000        0x0 c:/program files (x86)/atmel/studio/7.0/toolchain/avr8/avr8-gnu-toolchain/bin/../lib/gcc/avr/5.4.0/avr5\libgcc.a(_epilogue.o)
 .text.libgcc.builtins
                0x00000000        0x0 c:/program files (x86)/atmel/studio/7.0/toolchain/avr8/avr8-gnu-toolchain/bin/../lib/gcc/avr/5.4.0/avr5\libgcc.a(_epilogue.o)
 .text.libgcc.fmul
                0x00000000        0x0 c:/program files (x86)/atmel/studio/7.0/toolchain/avr8/avr8-gnu-toolchain/bin/../lib/gcc/avr/5.4.0/avr5\libgcc.a(_epilogue.o)
 .text.libgcc.fixed
                0x00000000        0x0 c:/program files (x86)/atmel/studio/7.0/toolchain/avr8/avr8-gnu-toolchain/bin/../lib/gcc/avr/5.4.0/avr5\libgcc.a(_epilogue.o)

Memory Configuration

Name             Origin             Length             Attributes
text             0x00000000         0x00020000         xr
data             0x00800060         0x0000ffa0         rw !x
eeprom           0x00810000         0x00010000         rw !x
fuse             0x00820000         0x00000003         rw !x
lock             0x00830000         0x00000400         rw !x
signature        0x00840000         0x00000400         rw !x
user_signatures  0x00850000         0x00000400         rw !x
*default*        0x00000000         0xffffffff

Linker script and memory map

Address of section .data set to 0x800100
LOAD C:/Program Files (x86)/Atmel/Studio/7.0/Packs/atmel/ATmega_DFP/1.2.209/gcc/dev/atmega328p/avr5/crtatmega328p.o
LOAD ioLibrary_Driver-master/Application/loopback/loopback.o
LOAD ioLibrary_Driver-master/Ethernet/socket.o
LOAD ioLibrary_Driver-master/Ethernet/W5100/w5100.o
LOAD ioLibrary_Driver-master/Ethernet/wizchip_conf.o
LOAD ioLibrary_Driver-master/Internet/MQTT/MQTTClient.o
LOAD ioLibrary_Driver-master/Internet/MQTT/MQTTPacket/src/MQTTConnectClient.o
LOAD ioLibrary_Driver-master/Internet/MQTT/MQTTPacket/src/MQTTConnectServer.o
LOAD ioLibrary_Driver-master/Internet/MQTT/MQTTPacket/src/MQTTDeserializePublish.o
LOAD ioLibrary_Driver-master/Internet/MQTT/MQTTPacket/src/MQTTFormat.o
LOAD ioLibrary_Driver-master/Internet/MQTT/MQTTPacket/src/MQTTPacket.o
LOAD ioLibrary_Driver-master/Internet/MQTT/MQTTPacket/src/MQTTSerializePublish.o
LOAD ioLibrary_Driver-master/Internet/MQTT/MQTTPacket/src/MQTTSubscribeClient.o
LOAD ioLibrary_Driver-master/Internet/MQTT/MQTTPacket/src/MQTTSubscribeServer.o
LOAD ioLibrary_Driver-master/Internet/MQTT/MQTTPacket/src/MQTTUnsubscribeClient.o
LOAD ioLibrary_Driver-master/Internet/MQTT/MQTTPacket/src/MQTTUnsubscribeServer.o
LOAD ioLibrary_Driver-master/Internet/MQTT/mqtt_interface.o
LOAD main.o
LOAD Pin_ATMEGA328.o
LOAD SPI_ATMEGA328.o
LOAD UART_ATMEGA328.o
START GROUP
LOAD c:/program files (x86)/atmel/studio/7.0/toolchain/avr8/avr8-gnu-toolchain/bin/../lib/gcc/avr/5.4.0/../../../../avr/lib/avr5\libm.a
END GROUP
LOAD c:/program files (x86)/atmel/studio/7.0/toolchain/avr8/avr8-gnu-toolchain/bin/../lib/gcc/avr/5.4.0/avr5\libgcc.a
LOAD c:/program files (x86)/atmel/studio/7.0/toolchain/avr8/avr8-gnu-toolchain/bin/../lib/gcc/avr/5.4.0/../../../../avr/lib/avr5\libm.a
START GROUP
LOAD c:/program files (x86)/atmel/studio/7.0/toolchain/avr8/avr8-gnu-toolchain/bin/../lib/gcc/avr/5.4.0/avr5\libgcc.a
LOAD c:/program files (x86)/atmel/studio/7.0/toolchain/avr8/avr8-gnu-toolchain/bin/../lib/gcc/avr/5.4.0/../../../../avr/lib/avr5\libm.a
LOAD c:/program files (x86)/atmel/studio/7.0/toolchain/avr8/avr8-gnu-toolchain/bin/../lib/gcc/avr/5.4.0/../../../../avr/lib/avr5\libc.a
LOAD C:/Program Files (x86)/Atmel/Studio/7.0/Packs/atmel/ATmega_DFP/1.2.209/gcc/dev/atmega328p/avr5\libatmega328p.a
END GROUP
                0x00020000                __TEXT_REGION_LENGTH__ = DEFINED (__TEXT_REGION_LENGTH__)?__TEXT_REGION_LENGTH__:0x20000
                0x0000ffa0                __DATA_REGION_LENGTH__ = DEFINED (__DATA_REGION_LENGTH__)?__DATA_REGION_LENGTH__:0xffa0
                0x00010000                __EEPROM_REGION_LENGTH__ = DEFINED (__EEPROM_REGION_LENGTH__)?__EEPROM_REGION_LENGTH__:0x10000
                [0x00000003]                __FUSE_REGION_LENGTH__ = DEFINED (__FUSE_REGION_LENGTH__)?__FUSE_REGION_LENGTH__:0x400
                0x00000400                __LOCK_REGION_LENGTH__ = DEFINED (__LOCK_REGION_LENGTH__)?__LOCK_REGION_LENGTH__:0x400
                0x00000400                __SIGNATURE_REGION_LENGTH__ = DEFINED (__SIGNATURE_REGION_LENGTH__)?__SIGNATURE_REGION_LENGTH__:0x400
                0x00000400                __USER_SIGNATURE_REGION_LENGTH__ = DEFINED (__USER_SIGNATURE_REGION_LENGTH__)?__USER_SIGNATURE_REGION_LENGTH__:0x400

.hash
 *(.hash)

.dynsym
 *(.dynsym)

.dynstr
 *(.dynstr)

.gnu.version
 *(.gnu.version)

.gnu.version_d
 *(.gnu.version_d)

.gnu.version_r
 *(.gnu.version_r)

.rel.init
 *(.rel.init)

.rela.init
 *(.rela.init)

.rel.text
 *(.rel.text)
 *(.rel.text.*)
 *(.rel.gnu.linkonce.t*)

.rela.text
 *(.rela.text)
 *(.rela.text.*)
 *(.rela.gnu.linkonce.t*)

.rel.fini
 *(.rel.fini)

.rela.fini
 *(.rela.fini)

.rel.rodata
 *(.rel.rodata)
 *(.rel.rodata.*)
 *(.rel.gnu.linkonce.r*)

.rela.rodata
 *(.rela.rodata)
 *(.rela.rodata.*)
 *(.rela.gnu.linkonce.r*)

.rel.data
 *(.rel.data)
 *(.rel.data.*)
 *(.rel.gnu.linkonce.d*)

.rela.data
 *(.rela.data)
 *(.rela.data.*)
 *(.rela.gnu.linkonce.d*)

.rel.ctors
 *(.rel.ctors)

.rela.ctors
 *(.rela.ctors)

.rel.dtors
 *(.rel.dtors)

.rela.dtors
 *(.rela.dtors)

.rel.got
 *(.rel.got)

.rela.got
 *(.rela.got)

.rel.bss
 *(.rel.bss)

.rela.bss
 *(.rela.bss)

.rel.plt
 *(.rel.plt)

.rela.plt
 *(.rela.plt)

.text           0x00000000     0x410c
 *(.vectors)
 .vectors       0x00000000       0x68 C:/Program Files (x86)/Atmel/Studio/7.0/Packs/atmel/ATmega_DFP/1.2.209/gcc/dev/atmega328p/avr5/crtatmega328p.o
                0x00000000                __vector_default
                0x00000000                __vectors
 *(.vectors)
 *(.progmem.gcc*)
 .progmem.gcc_sw_table._ZN3Pin16initialisierePinEv
                0x00000068       0x2e Pin_ATMEGA328.o
 .progmem.gcc_sw_table._ZN3Pin12setze_StatusEb
                0x00000096       0x2e Pin_ATMEGA328.o
                0x000000c4                . = ALIGN (0x2)
                0x000000c4                __trampolines_start = .
 *(.trampolines)
 .trampolines   0x000000c4        0x0 linker stubs
 *(.trampolines*)
                0x000000c4                __trampolines_end = .
 *libprintf_flt.a:*(.progmem.data)
 *libc.a:*(.progmem.data)
 *(.progmem*)
                0x000000c4                . = ALIGN (0x2)
 *(.jumptables)
 *(.jumptables*)
 *(.lowtext)
 *(.lowtext*)
                0x000000c4                __ctors_start = .
 *(.ctors)
 .ctors         0x000000c4        0x2 main.o
                0x000000c6                __ctors_end = .
                0x000000c6                __dtors_start = .
 *(.dtors)
                0x000000c6                __dtors_end = .
 SORT(*)(.ctors)
 SORT(*)(.dtors)
 *(.init0)
 .init0         0x000000c6        0x0 C:/Program Files (x86)/Atmel/Studio/7.0/Packs/atmel/ATmega_DFP/1.2.209/gcc/dev/atmega328p/avr5/crtatmega328p.o
                0x000000c6                __init
 *(.init0)
 *(.init1)
 *(.init1)
 *(.init2)
 .init2         0x000000c6        0xc C:/Program Files (x86)/Atmel/Studio/7.0/Packs/atmel/ATmega_DFP/1.2.209/gcc/dev/atmega328p/avr5/crtatmega328p.o
 *(.init2)
 *(.init3)
 *(.init3)
 *(.init4)
 .init4         0x000000d2       0x16 c:/program files (x86)/atmel/studio/7.0/toolchain/avr8/avr8-gnu-toolchain/bin/../lib/gcc/avr/5.4.0/avr5\libgcc.a(_copy_data.o)
                0x000000d2                __do_copy_data
 .init4         0x000000e8       0x10 c:/program files (x86)/atmel/studio/7.0/toolchain/avr8/avr8-gnu-toolchain/bin/../lib/gcc/avr/5.4.0/avr5\libgcc.a(_clear_bss.o)
                0x000000e8                __do_clear_bss
 *(.init4)
 *(.init5)
 *(.init5)
 *(.init6)
 .init6         0x000000f8       0x16 c:/program files (x86)/atmel/studio/7.0/toolchain/avr8/avr8-gnu-toolchain/bin/../lib/gcc/avr/5.4.0/avr5\libgcc.a(_ctors.o)
                0x000000f8                __do_global_ctors
 *(.init6)
 *(.init7)
 *(.init7)
 *(.init8)
 *(.init8)
 *(.init9)
 .init9         0x0000010e        0x8 C:/Program Files (x86)/Atmel/Studio/7.0/Packs/atmel/ATmega_DFP/1.2.209/gcc/dev/atmega328p/avr5/crtatmega328p.o
 *(.init9)
 *(.text)
 .text          0x00000116        0x4 C:/Program Files (x86)/Atmel/Studio/7.0/Packs/atmel/ATmega_DFP/1.2.209/gcc/dev/atmega328p/avr5/crtatmega328p.o
                0x00000116                __vector_22
                0x00000116                __vector_1
                0x00000116                __vector_24
                0x00000116                __vector_12
                0x00000116                __bad_interrupt
                0x00000116                __vector_6
                0x00000116                __vector_3
                0x00000116                __vector_23
                0x00000116                __vector_25
                0x00000116                __vector_11
                0x00000116                __vector_13
                0x00000116                __vector_17
                0x00000116                __vector_19
                0x00000116                __vector_7
                0x00000116                __vector_5
                0x00000116                __vector_4
                0x00000116                __vector_9
                0x00000116                __vector_2
                0x00000116                __vector_21
                0x00000116                __vector_15
                0x00000116                __vector_8
                0x00000116                __vector_10
                0x00000116                __vector_16
                0x00000116                __vector_18
                0x00000116                __vector_20
                0x0000011a                . = ALIGN (0x2)
 *(.text.*)
 .text.close    0x0000011a       0xea ioLibrary_Driver-master/Ethernet/socket.o
                0x0000011a                close
 .text.socket   0x00000204      0x200 ioLibrary_Driver-master/Ethernet/socket.o
                0x00000204                socket
 .text.connect  0x00000404      0x1d2 ioLibrary_Driver-master/Ethernet/socket.o
                0x00000404                connect
 .text.disconnect
                0x000005d6      0x108 ioLibrary_Driver-master/Ethernet/socket.o
                0x000005d6                disconnect
 .text.send     0x000006de      0x260 ioLibrary_Driver-master/Ethernet/socket.o
                0x000006de                send
 .text.recv     0x0000093e      0x250 ioLibrary_Driver-master/Ethernet/socket.o
                0x0000093e                recv
 .text.WIZCHIP_WRITE
                0x00000b8e       0x58 ioLibrary_Driver-master/Ethernet/W5100/w5100.o
                0x00000b8e                WIZCHIP_WRITE
 .text.WIZCHIP_READ
                0x00000be6       0x54 ioLibrary_Driver-master/Ethernet/W5100/w5100.o
                0x00000be6                WIZCHIP_READ
 .text.WIZCHIP_WRITE_BUF
                0x00000c3a       0xb8 ioLibrary_Driver-master/Ethernet/W5100/w5100.o
                0x00000c3a                WIZCHIP_WRITE_BUF
 .text.WIZCHIP_READ_BUF
                0x00000cf2       0xb6 ioLibrary_Driver-master/Ethernet/W5100/w5100.o
                0x00000cf2                WIZCHIP_READ_BUF
 .text.getSn_TX_FSR
                0x00000da8       0xa6 ioLibrary_Driver-master/Ethernet/W5100/w5100.o
                0x00000da8                getSn_TX_FSR
 .text.getSn_RX_RSR
                0x00000e4e       0xa6 ioLibrary_Driver-master/Ethernet/W5100/w5100.o
                0x00000e4e                getSn_RX_RSR
 .text.getSn_RxBASE
                0x00000ef4       0xd4 ioLibrary_Driver-master/Ethernet/W5100/w5100.o
                0x00000ef4                getSn_RxBASE
 .text.getSn_TxBASE
                0x00000fc8       0xca ioLibrary_Driver-master/Ethernet/W5100/w5100.o
                0x00000fc8                getSn_TxBASE
 .text.wiz_send_data
                0x00001092      0x21e ioLibrary_Driver-master/Ethernet/W5100/w5100.o
                0x00001092                wiz_send_data
 .text.wiz_recv_data
                0x000012b0      0x21e ioLibrary_Driver-master/Ethernet/W5100/w5100.o
                0x000012b0                wiz_recv_data
 .text.wizchip_cris_enter
                0x000014ce        0x2 ioLibrary_Driver-master/Ethernet/wizchip_conf.o
                0x000014ce                wizchip_cris_enter
 .text.wizchip_cris_exit
                0x000014d0        0x2 ioLibrary_Driver-master/Ethernet/wizchip_conf.o
                0x000014d0                wizchip_cris_exit
 .text.wizchip_cs_select
                0x000014d2        0x4 ioLibrary_Driver-master/Ethernet/wizchip_conf.o
                0x000014d2                wizchip_cs_select
 .text.wizchip_cs_deselect
                0x000014d6        0x4 ioLibrary_Driver-master/Ethernet/wizchip_conf.o
                0x000014d6                wizchip_cs_deselect
 .text.wizchip_bus_readdata
                0x000014da        0x6 ioLibrary_Driver-master/Ethernet/wizchip_conf.o
                0x000014da                wizchip_bus_readdata
 .text.wizchip_bus_writedata
                0x000014e0        0x6 ioLibrary_Driver-master/Ethernet/wizchip_conf.o
                0x000014e0                wizchip_bus_writedata
 .text.wizchip_spi_readbyte
                0x000014e6       0x10 ioLibrary_Driver-master/Ethernet/wizchip_conf.o
                0x000014e6                wizchip_spi_readbyte
 .text.wiznet_spi_tranceiver
                0x000014f6        0xe ioLibrary_Driver-master/Ethernet/wizchip_conf.o
                0x000014f6                wiznet_spi_tranceiver
 .text.wizchip_spi_writebyte
                0x00001504        0x6 ioLibrary_Driver-master/Ethernet/wizchip_conf.o
                0x00001504                wizchip_spi_writebyte
 .text.debug_uart_transmit
                0x0000150a       0x10 ioLibrary_Driver-master/Ethernet/wizchip_conf.o
                0x0000150a                debug_uart_transmit
 .text.debug_uart_transmit_string
                0x0000151a       0x62 ioLibrary_Driver-master/Ethernet/wizchip_conf.o
                0x0000151a                debug_uart_transmit_string
 .text.wizchip_setnetinfo
                0x0000157c       0xa2 ioLibrary_Driver-master/Ethernet/wizchip_conf.o
                0x0000157c                wizchip_setnetinfo
 .text.sendPacket
                0x0000161e       0xb4 ioLibrary_Driver-master/Internet/MQTT/MQTTClient.o
 .text.MQTTClientInit
                0x000016d2       0x62 ioLibrary_Driver-master/Internet/MQTT/MQTTClient.o
                0x000016d2                MQTTClientInit
 .text.deliverMessage
                0x00001734      0x1a0 ioLibrary_Driver-master/Internet/MQTT/MQTTClient.o
                0x00001734                deliverMessage
 .text.keepalive
                0x000018d4       0xa4 ioLibrary_Driver-master/Internet/MQTT/MQTTClient.o
                0x000018d4                keepalive
 .text.cycle    0x00001978      0x2ce ioLibrary_Driver-master/Internet/MQTT/MQTTClient.o
                0x00001978                cycle
 .text.MQTTYield
                0x00001c46       0x6c ioLibrary_Driver-master/Internet/MQTT/MQTTClient.o
                0x00001c46                MQTTYield
 .text.waitfor  0x00001cb2       0x4a ioLibrary_Driver-master/Internet/MQTT/MQTTClient.o
                0x00001cb2                waitfor
 .text.MQTTConnect
                0x00001cfc      0x148 ioLibrary_Driver-master/Internet/MQTT/MQTTClient.o
                0x00001cfc                MQTTConnect
 .text.MQTTSubscribe
                0x00001e44      0x19c ioLibrary_Driver-master/Internet/MQTT/MQTTClient.o
                0x00001e44                MQTTSubscribe
 .text.MQTTPublish
                0x00001fe0      0x1d0 ioLibrary_Driver-master/Internet/MQTT/MQTTClient.o
                0x00001fe0                MQTTPublish
 .text.MQTTSerialize_connectLength
                0x000021b0       0xcc ioLibrary_Driver-master/Internet/MQTT/MQTTPacket/src/MQTTConnectClient.o
                0x000021b0                MQTTSerialize_connectLength
 .text.MQTTSerialize_connect
                0x0000227c      0x1ae ioLibrary_Driver-master/Internet/MQTT/MQTTPacket/src/MQTTConnectClient.o
                0x0000227c                MQTTSerialize_connect
 .text.MQTTDeserialize_connack
                0x0000242a       0x8c ioLibrary_Driver-master/Internet/MQTT/MQTTPacket/src/MQTTConnectClient.o
                0x0000242a                MQTTDeserialize_connack
 .text.MQTTSerialize_zero
                0x000024b6       0x54 ioLibrary_Driver-master/Internet/MQTT/MQTTPacket/src/MQTTConnectClient.o
                0x000024b6                MQTTSerialize_zero
 .text.MQTTSerialize_pingreq
                0x0000250a        0x8 ioLibrary_Driver-master/Internet/MQTT/MQTTPacket/src/MQTTConnectClient.o
                0x0000250a                MQTTSerialize_pingreq
 .text.MQTTDeserialize_publish
                0x00002512      0x11c ioLibrary_Driver-master/Internet/MQTT/MQTTPacket/src/MQTTDeserializePublish.o
                0x00002512                MQTTDeserialize_publish
 .text.MQTTDeserialize_ack
                0x0000262e       0x8c ioLibrary_Driver-master/Internet/MQTT/MQTTPacket/src/MQTTDeserializePublish.o
                0x0000262e                MQTTDeserialize_ack
 .text.bufchar  0x000026ba       0x2e ioLibrary_Driver-master/Internet/MQTT/MQTTPacket/src/MQTTPacket.o
                0x000026ba                bufchar
 .text.MQTTPacket_encode
                0x000026e8       0x4c ioLibrary_Driver-master/Internet/MQTT/MQTTPacket/src/MQTTPacket.o
                0x000026e8                MQTTPacket_encode
 .text.MQTTPacket_decode
                0x00002734       0x90 ioLibrary_Driver-master/Internet/MQTT/MQTTPacket/src/MQTTPacket.o
                0x00002734                MQTTPacket_decode
 .text.MQTTPacket_len
                0x000027c4       0x1e ioLibrary_Driver-master/Internet/MQTT/MQTTPacket/src/MQTTPacket.o
                0x000027c4                MQTTPacket_len
 .text.MQTTPacket_decodeBuf
                0x000027e2       0x12 ioLibrary_Driver-master/Internet/MQTT/MQTTPacket/src/MQTTPacket.o
                0x000027e2                MQTTPacket_decodeBuf
 .text.readInt  0x000027f4       0x20 ioLibrary_Driver-master/Internet/MQTT/MQTTPacket/src/MQTTPacket.o
                0x000027f4                readInt
 .text.readChar
                0x00002814       0x10 ioLibrary_Driver-master/Internet/MQTT/MQTTPacket/src/MQTTPacket.o
                0x00002814                readChar
 .text.writeChar
                0x00002824       0x14 ioLibrary_Driver-master/Internet/MQTT/MQTTPacket/src/MQTTPacket.o
                0x00002824                writeChar
 .text.writeInt
                0x00002838       0x3e ioLibrary_Driver-master/Internet/MQTT/MQTTPacket/src/MQTTPacket.o
                0x00002838                writeInt
 .text.writeCString
                0x00002876       0x4e ioLibrary_Driver-master/Internet/MQTT/MQTTPacket/src/MQTTPacket.o
                0x00002876                writeCString
 .text.writeMQTTString
                0x000028c4       0x86 ioLibrary_Driver-master/Internet/MQTT/MQTTPacket/src/MQTTPacket.o
                0x000028c4                writeMQTTString
 .text.readMQTTLenString
                0x0000294a       0x72 ioLibrary_Driver-master/Internet/MQTT/MQTTPacket/src/MQTTPacket.o
                0x0000294a                readMQTTLenString
 .text.MQTTstrlen
                0x000029bc       0x4a ioLibrary_Driver-master/Internet/MQTT/MQTTPacket/src/MQTTPacket.o
                0x000029bc                MQTTstrlen
 .text.MQTTPacket_equals
                0x00002a06       0x56 ioLibrary_Driver-master/Internet/MQTT/MQTTPacket/src/MQTTPacket.o
                0x00002a06                MQTTPacket_equals
 .text.MQTTSerialize_publishLength
                0x00002a5c       0x54 ioLibrary_Driver-master/Internet/MQTT/MQTTPacket/src/MQTTSerializePublish.o
                0x00002a5c                MQTTSerialize_publishLength
 .text.MQTTSerialize_publish
                0x00002ab0      0x11e ioLibrary_Driver-master/Internet/MQTT/MQTTPacket/src/MQTTSerializePublish.o
                0x00002ab0                MQTTSerialize_publish
 .text.MQTTSerialize_ack
                0x00002bce       0x82 ioLibrary_Driver-master/Internet/MQTT/MQTTPacket/src/MQTTSerializePublish.o
                0x00002bce                MQTTSerialize_ack
 .text.MQTTSerialize_subscribeLength
                0x00002c50       0x60 ioLibrary_Driver-master/Internet/MQTT/MQTTPacket/src/MQTTSubscribeClient.o
                0x00002c50                MQTTSerialize_subscribeLength
 .text.MQTTSerialize_subscribe
                0x00002cb0       0xfc ioLibrary_Driver-master/Internet/MQTT/MQTTPacket/src/MQTTSubscribeClient.o
                0x00002cb0                MQTTSerialize_subscribe
 .text.MQTTDeserialize_suback
                0x00002dac      0x108 ioLibrary_Driver-master/Internet/MQTT/MQTTPacket/src/MQTTSubscribeClient.o
                0x00002dac                MQTTDeserialize_suback
 .text.w5x00_read
                0x00002eb4       0x5e ioLibrary_Driver-master/Internet/MQTT/mqtt_interface.o
                0x00002eb4                w5x00_read
 .text.w5x00_write
                0x00002f12       0x4e ioLibrary_Driver-master/Internet/MQTT/mqtt_interface.o
                0x00002f12                w5x00_write
 .text.w5x00_disconnect
                0x00002f60        0xa ioLibrary_Driver-master/Internet/MQTT/mqtt_interface.o
                0x00002f60                w5x00_disconnect
 .text.MilliTimer_Handler
                0x00002f6a       0x28 ioLibrary_Driver-master/Internet/MQTT/mqtt_interface.o
                0x00002f6a                MilliTimer_Handler
 .text.TimerInit
                0x00002f92        0xc ioLibrary_Driver-master/Internet/MQTT/mqtt_interface.o
                0x00002f92                TimerInit
 .text.TimerIsExpired
                0x00002f9e       0x30 ioLibrary_Driver-master/Internet/MQTT/mqtt_interface.o
                0x00002f9e                TimerIsExpired
 .text.TimerCountdownMS
                0x00002fce       0x26 ioLibrary_Driver-master/Internet/MQTT/mqtt_interface.o
                0x00002fce                TimerCountdownMS
 .text.TimerCountdown
                0x00002ff4       0x36 ioLibrary_Driver-master/Internet/MQTT/mqtt_interface.o
                0x00002ff4                TimerCountdown
 .text.TimerLeftMS
                0x0000302a       0x2c ioLibrary_Driver-master/Internet/MQTT/mqtt_interface.o
                0x0000302a                TimerLeftMS
 .text.NewNetwork
                0x00003056       0x20 ioLibrary_Driver-master/Internet/MQTT/mqtt_interface.o
                0x00003056                NewNetwork
 .text.debug_uart_transmit_mqtt
                0x00003076       0x10 ioLibrary_Driver-master/Internet/MQTT/mqtt_interface.o
                0x00003076                debug_uart_transmit_mqtt
 .text.debug_uart_transmit_string_mqtt
                0x00003086       0x62 ioLibrary_Driver-master/Internet/MQTT/mqtt_interface.o
                0x00003086                debug_uart_transmit_string_mqtt
 .text.ConnectNetwork
                0x000030e8       0x50 ioLibrary_Driver-master/Internet/MQTT/mqtt_interface.o
                0x000030e8                ConnectNetwork
 .text._Z14messageArrivedP11MessageData
                0x00003138      0x136 main.o
                0x00003138                _Z14messageArrivedP11MessageData
 .text.main     0x0000326e      0x28a main.o
                0x0000326e                main
 .text.__vector_14
                0x000034f8       0x48 main.o
                0x000034f8                __vector_14
 .text._GLOBAL__sub_I_targetIP
                0x00003540       0x12 main.o
 .text._ZN3Pin16initialisierePinEv
                0x00003552      0x1f8 Pin_ATMEGA328.o
                0x00003552                _ZN3Pin16initialisierePinEv
 .text._ZN3PinC2Echb
                0x0000374a        0xe Pin_ATMEGA328.o
                0x0000374a                _ZN3PinC1Echb
                0x0000374a                _ZN3PinC2Echb
 .text._ZN3Pin12setze_StatusEb
                0x00003758      0x2a2 Pin_ATMEGA328.o
                0x00003758                _ZN3Pin12setze_StatusEb
 .text._Z15spi_init_masterv
                0x000039fa        0xc SPI_ATMEGA328.o
                0x000039fa                _Z15spi_init_masterv
 .text._Z9uart_initj
                0x00003a06       0x16 UART_ATMEGA328.o
                0x00003a06                _Z9uart_initj
 .text._Z13uart_transmitc
                0x00003a1c       0x10 UART_ATMEGA328.o
                0x00003a1c                _Z13uart_transmitc
 .text._Z20uart_transmit_stringPc
                0x00003a2c       0x64 UART_ATMEGA328.o
                0x00003a2c                _Z20uart_transmit_stringPc
 .text.libgcc   0x00003a90        0xc c:/program files (x86)/atmel/studio/7.0/toolchain/avr8/avr8-gnu-toolchain/bin/../lib/gcc/avr/5.4.0/avr5\libgcc.a(_tablejump2.o)
                0x00003a90                __tablejump2__
 .text.avr-libc
                0x00003a9c       0x12 c:/program files (x86)/atmel/studio/7.0/toolchain/avr8/avr8-gnu-toolchain/bin/../lib/gcc/avr/5.4.0/../../../../avr/lib/avr5\libc.a(memcpy.o)
                0x00003a9c                memcpy
 .text.avr-libc
                0x00003aae       0x1c c:/program files (x86)/atmel/studio/7.0/toolchain/avr8/avr8-gnu-toolchain/bin/../lib/gcc/avr/5.4.0/../../../../avr/lib/avr5\libc.a(strncmp.o)
                0x00003aae                strncmp
 .text.avr-libc
                0x00003aca       0x16 c:/program files (x86)/atmel/studio/7.0/toolchain/avr8/avr8-gnu-toolchain/bin/../lib/gcc/avr/5.4.0/../../../../avr/lib/avr5\libc.a(itoa_ncheck.o)
                0x00003aca                __itoa_ncheck
 .text.avr-libc
                0x00003ae0       0x34 c:/program files (x86)/atmel/studio/7.0/toolchain/avr8/avr8-gnu-toolchain/bin/../lib/gcc/avr/5.4.0/../../../../avr/lib/avr5\libc.a(utoa_ncheck.o)
                0x00003ae0                __utoa_ncheck
                0x00003ae2                __utoa_common
 .text.avr-libc
                0x00003b14       0x44 c:/program files (x86)/atmel/studio/7.0/toolchain/avr8/avr8-gnu-toolchain/bin/../lib/gcc/avr/5.4.0/../../../../avr/lib/avr5\libc.a(sprintf.o)
                0x00003b14                sprintf
 .text.avr-libc
                0x00003b58      0x3c2 c:/program files (x86)/atmel/studio/7.0/toolchain/avr8/avr8-gnu-toolchain/bin/../lib/gcc/avr/5.4.0/../../../../avr/lib/avr5\libc.a(vfprintf_std.o)
                0x00003b58                vfprintf
 .text.avr-libc
                0x00003f1a       0x16 c:/program files (x86)/atmel/studio/7.0/toolchain/avr8/avr8-gnu-toolchain/bin/../lib/gcc/avr/5.4.0/../../../../avr/lib/avr5\libc.a(strnlen_P.o)
                0x00003f1a                strnlen_P
 .text.avr-libc
                0x00003f30       0x16 c:/program files (x86)/atmel/studio/7.0/toolchain/avr8/avr8-gnu-toolchain/bin/../lib/gcc/avr/5.4.0/../../../../avr/lib/avr5\libc.a(strnlen.o)
                0x00003f30                strnlen
 .text.avr-libc
                0x00003f46       0x20 c:/program files (x86)/atmel/studio/7.0/toolchain/avr8/avr8-gnu-toolchain/bin/../lib/gcc/avr/5.4.0/../../../../avr/lib/avr5\libc.a(strrev.o)
                0x00003f46                strrev
 .text.avr-libc
                0x00003f66       0x78 c:/program files (x86)/atmel/studio/7.0/toolchain/avr8/avr8-gnu-toolchain/bin/../lib/gcc/avr/5.4.0/../../../../avr/lib/avr5\libc.a(fputc.o)
                0x00003f66                fputc
 .text.avr-libc
                0x00003fde       0xbc c:/program files (x86)/atmel/studio/7.0/toolchain/avr8/avr8-gnu-toolchain/bin/../lib/gcc/avr/5.4.0/../../../../avr/lib/avr5\libc.a(ultoa_invert.o)
                0x00003fde                __ultoa_invert
 .text.libgcc.prologue
                0x0000409a       0x38 c:/program files (x86)/atmel/studio/7.0/toolchain/avr8/avr8-gnu-toolchain/bin/../lib/gcc/avr/5.4.0/avr5\libgcc.a(_prologue.o)
                0x0000409a                __prologue_saves__
 .text.libgcc.prologue
                0x000040d2       0x36 c:/program files (x86)/atmel/studio/7.0/toolchain/avr8/avr8-gnu-toolchain/bin/../lib/gcc/avr/5.4.0/avr5\libgcc.a(_epilogue.o)
                0x000040d2                __epilogue_restores__
                0x00004108                . = ALIGN (0x2)
 *(.fini9)
 .fini9         0x00004108        0x0 c:/program files (x86)/atmel/studio/7.0/toolchain/avr8/avr8-gnu-toolchain/bin/../lib/gcc/avr/5.4.0/avr5\libgcc.a(_exit.o)
                0x00004108                _exit
                0x00004108                exit
 *(.fini9)
 *(.fini8)
 *(.fini8)
 *(.fini7)
 *(.fini7)
 *(.fini6)
 *(.fini6)
 *(.fini5)
 *(.fini5)
 *(.fini4)
 *(.fini4)
 *(.fini3)
 *(.fini3)
 *(.fini2)
 *(.fini2)
 *(.fini1)
 *(.fini1)
 *(.fini0)
 .fini0         0x00004108        0x4 c:/program files (x86)/atmel/studio/7.0/toolchain/avr8/avr8-gnu-toolchain/bin/../lib/gcc/avr/5.4.0/avr5\libgcc.a(_exit.o)
 *(.fini0)
                0x0000410c                _etext = .

.data           0x00800100      0x29c load address 0x0000410c
                0x00800100                PROVIDE (__data_start, .)
 *(.data)
 *(.data*)
 .data.sock_any_port
                0x00800100        0x2 ioLibrary_Driver-master/Ethernet/socket.o
 .data.WIZCHIP  0x00800102       0x18 ioLibrary_Driver-master/Ethernet/wizchip_conf.o
                0x00800102                WIZCHIP
 .data.opts     0x0080011a       0x11 main.o
                0x0080011a                opts
 .data.gWIZNETINFO
                0x0080012b       0x17 main.o
                0x0080012b                gWIZNETINFO
 .data.targetPort
                0x00800142        0x2 main.o
                0x00800142                targetPort
 *(.gnu.linkonce.d*)
 *(.rodata)
 .rodata        0x00800144       0x31 ioLibrary_Driver-master/Internet/MQTT/MQTTClient.o
 .rodata        0x00800175       0x31 main.o
 *(.rodata*)
 .rodata.str1.1
                0x008001a6       0x3a ioLibrary_Driver-master/Ethernet/wizchip_conf.o
 .rodata.str1.1
                0x008001e0       0x4d ioLibrary_Driver-master/Internet/MQTT/MQTTClient.o
 .rodata.str1.1
                0x0080022d        0xc ioLibrary_Driver-master/Internet/MQTT/MQTTPacket/src/MQTTConnectClient.o
 .rodata.str1.1
                0x00800239       0x1e ioLibrary_Driver-master/Internet/MQTT/mqtt_interface.o
 .rodata.str1.1
                0x00800257      0x144 main.o
                                0x155 (size before relaxing)
 *(.gnu.linkonce.r*)
                0x0080039c                . = ALIGN (0x2)
 *fill*         0x0080039b        0x1 
                0x0080039c                _edata = .
                0x0080039c                PROVIDE (__data_end, .)

.bss            0x0080039c      0x489
                0x0080039c                PROVIDE (__bss_start, .)
 *(.bss)
 *(.bss*)
 .bss.sock_pack_info
                0x0080039c        0x4 ioLibrary_Driver-master/Ethernet/socket.o
                0x0080039c                sock_pack_info
 .bss.sock_remained_size
                0x008003a0        0x8 ioLibrary_Driver-master/Ethernet/socket.o
 .bss.sock_is_sending
                0x008003a8        0x2 ioLibrary_Driver-master/Ethernet/socket.o
 .bss.sock_io_mode
                0x008003aa        0x2 ioLibrary_Driver-master/Ethernet/socket.o
 .bss._DHCP_    0x008003ac        0x1 ioLibrary_Driver-master/Ethernet/wizchip_conf.o
 .bss._DNS_     0x008003ad        0x4 ioLibrary_Driver-master/Ethernet/wizchip_conf.o
 .bss.bufptr    0x008003b1        0x2 ioLibrary_Driver-master/Internet/MQTT/MQTTPacket/src/MQTTPacket.o
 .bss.Ausgabebuffer
                0x008003b3       0x64 main.o
                0x008003b3                Ausgabebuffer
 .bss.tempBuffer
                0x00800417      0x400 main.o
                0x00800417                tempBuffer
 .bss.mac_address
                0x00800817        0x6 main.o
                0x00800817                mac_address
 .bss.targetIP  0x0080081d        0x4 main.o
                0x0080081d                targetIP
 *(COMMON)
 COMMON         0x00800821        0x4 ioLibrary_Driver-master/Internet/MQTT/mqtt_interface.o
                0x00800821                MilliTimer
                0x00800825                PROVIDE (__bss_end, .)
                0x0000410c                __data_load_start = LOADADDR (.data)
                0x000043a8                __data_load_end = (__data_load_start + SIZEOF (.data))

.noinit         0x00800825        0x0
                [!provide]                PROVIDE (__noinit_start, .)
 *(.noinit*)
                [!provide]                PROVIDE (__noinit_end, .)
                0x00800825                _end = .
                [!provide]                PROVIDE (__heap_start, .)

.eeprom         0x00810000        0x0
 *(.eeprom*)
                0x00810000                __eeprom_end = .

.fuse
 *(.fuse)
 *(.lfuse)
 *(.hfuse)
 *(.efuse)

.lock
 *(.lock*)

.signature
 *(.signature*)

.user_signatures
 *(.user_signatures*)

.stab
 *(.stab)

.stabstr
 *(.stabstr)

.stab.excl
 *(.stab.excl)

.stab.exclstr
 *(.stab.exclstr)

.stab.index
 *(.stab.index)

.stab.indexstr
 *(.stab.indexstr)

.comment        0x00000000       0x5c
 *(.comment)
 .comment       0x00000000       0x30 ioLibrary_Driver-master/Ethernet/socket.o
                                 0x31 (size before relaxing)
 .comment       0x00000030       0x31 ioLibrary_Driver-master/Ethernet/W5100/w5100.o
 .comment       0x00000030       0x31 ioLibrary_Driver-master/Ethernet/wizchip_conf.o
 .comment       0x00000030       0x31 ioLibrary_Driver-master/Internet/MQTT/MQTTClient.o
 .comment       0x00000030       0x31 ioLibrary_Driver-master/Internet/MQTT/MQTTPacket/src/MQTTConnectClient.o
 .comment       0x00000030       0x31 ioLibrary_Driver-master/Internet/MQTT/MQTTPacket/src/MQTTDeserializePublish.o
 .comment       0x00000030       0x31 ioLibrary_Driver-master/Internet/MQTT/MQTTPacket/src/MQTTPacket.o
 .comment       0x00000030       0x31 ioLibrary_Driver-master/Internet/MQTT/MQTTPacket/src/MQTTSerializePublish.o
 .comment       0x00000030       0x31 ioLibrary_Driver-master/Internet/MQTT/MQTTPacket/src/MQTTSubscribeClient.o
 .comment       0x00000030       0x31 ioLibrary_Driver-master/Internet/MQTT/mqtt_interface.o
 .comment       0x00000030       0x31 main.o
 .comment       0x00000030       0x31 Pin_ATMEGA328.o
 .comment       0x00000030       0x31 SPI_ATMEGA328.o
 .comment       0x00000030       0x31 UART_ATMEGA328.o
 .comment       0x00000030       0x31 c:/program files (x86)/atmel/studio/7.0/toolchain/avr8/avr8-gnu-toolchain/bin/../lib/gcc/avr/5.4.0/../../../../avr/lib/avr5\libc.a(sprintf.o)
 .comment       0x00000030       0x2c c:/program files (x86)/atmel/studio/7.0/toolchain/avr8/avr8-gnu-toolchain/bin/../lib/gcc/avr/5.4.0/../../../../avr/lib/avr5\libc.a(vfprintf_std.o)
                                 0x2d (size before relaxing)
 .comment       0x0000005c       0x31 c:/program files (x86)/atmel/studio/7.0/toolchain/avr8/avr8-gnu-toolchain/bin/../lib/gcc/avr/5.4.0/../../../../avr/lib/avr5\libc.a(fputc.o)

.note.gnu.avr.deviceinfo
                0x00000000       0x40
 .note.gnu.avr.deviceinfo
                0x00000000       0x40 C:/Program Files (x86)/Atmel/Studio/7.0/Packs/atmel/ATmega_DFP/1.2.209/gcc/dev/atmega328p/avr5/crtatmega328p.o

.note.gnu.build-id
 *(.note.gnu.build-id)

.debug
 *(.debug)

.line
 *(.line)

.debug_srcinfo
 *(.debug_srcinfo)

.debug_sfnames
 *(.debug_sfnames)

.debug_aranges  0x00000000      0x5b8
 *(.debug_aranges)
 .debug_aranges
                0x00000000       0x78 ioLibrary_Driver-master/Ethernet/socket.o
 .debug_aranges
                0x00000078       0x70 ioLibrary_Driver-master/Ethernet/W5100/w5100.o
 .debug_aranges
                0x000000e8      0x120 ioLibrary_Driver-master/Ethernet/wizchip_conf.o
 .debug_aranges
                0x00000208       0x80 ioLibrary_Driver-master/Internet/MQTT/MQTTClient.o
 .debug_aranges
                0x00000288       0x48 ioLibrary_Driver-master/Internet/MQTT/MQTTPacket/src/MQTTConnectClient.o
 .debug_aranges
                0x000002d0       0x28 ioLibrary_Driver-master/Internet/MQTT/MQTTPacket/src/MQTTDeserializePublish.o
 .debug_aranges
                0x000002f8       0xa0 ioLibrary_Driver-master/Internet/MQTT/MQTTPacket/src/MQTTPacket.o
 .debug_aranges
                0x00000398       0x48 ioLibrary_Driver-master/Internet/MQTT/MQTTPacket/src/MQTTSerializePublish.o
 .debug_aranges
                0x000003e0       0x30 ioLibrary_Driver-master/Internet/MQTT/MQTTPacket/src/MQTTSubscribeClient.o
 .debug_aranges
                0x00000410       0x80 ioLibrary_Driver-master/Internet/MQTT/mqtt_interface.o
 .debug_aranges
                0x00000490       0x48 main.o
 .debug_aranges
                0x000004d8       0x78 Pin_ATMEGA328.o
 .debug_aranges
                0x00000550       0x30 SPI_ATMEGA328.o
 .debug_aranges
                0x00000580       0x38 UART_ATMEGA328.o

.debug_pubnames
 *(.debug_pubnames)

.debug_info     0x00000000     0xa8ea
 *(.debug_info .gnu.linkonce.wi.*)
 .debug_info    0x00000000      0x5f4 C:/Program Files (x86)/Atmel/Studio/7.0/Packs/atmel/ATmega_DFP/1.2.209/gcc/dev/atmega328p/avr5/crtatmega328p.o
 .debug_info    0x000005f4     0x15fe ioLibrary_Driver-master/Ethernet/socket.o
 .debug_info    0x00001bf2      0xc14 ioLibrary_Driver-master/Ethernet/W5100/w5100.o
 .debug_info    0x00002806     0x12f6 ioLibrary_Driver-master/Ethernet/wizchip_conf.o
 .debug_info    0x00003afc     0x1b21 ioLibrary_Driver-master/Internet/MQTT/MQTTClient.o
 .debug_info    0x0000561d      0x9a5 ioLibrary_Driver-master/Internet/MQTT/MQTTPacket/src/MQTTConnectClient.o
 .debug_info    0x00005fc2      0x47a ioLibrary_Driver-master/Internet/MQTT/MQTTPacket/src/MQTTDeserializePublish.o
 .debug_info    0x0000643c      0xa63 ioLibrary_Driver-master/Internet/MQTT/MQTTPacket/src/MQTTPacket.o
 .debug_info    0x00006e9f      0x6e4 ioLibrary_Driver-master/Internet/MQTT/MQTTPacket/src/MQTTSerializePublish.o
 .debug_info    0x00007583      0x587 ioLibrary_Driver-master/Internet/MQTT/MQTTPacket/src/MQTTSubscribeClient.o
 .debug_info    0x00007b0a      0x5fc ioLibrary_Driver-master/Internet/MQTT/mqtt_interface.o
 .debug_info    0x00008106     0x1146 main.o
 .debug_info    0x0000924c     0x1429 Pin_ATMEGA328.o
 .debug_info    0x0000a675      0x125 SPI_ATMEGA328.o
 .debug_info    0x0000a79a      0x150 UART_ATMEGA328.o

.debug_abbrev   0x00000000     0x24e0
 *(.debug_abbrev)
 .debug_abbrev  0x00000000      0x5a2 C:/Program Files (x86)/Atmel/Studio/7.0/Packs/atmel/ATmega_DFP/1.2.209/gcc/dev/atmega328p/avr5/crtatmega328p.o
 .debug_abbrev  0x000005a2      0x196 ioLibrary_Driver-master/Ethernet/socket.o
 .debug_abbrev  0x00000738      0x296 ioLibrary_Driver-master/Ethernet/W5100/w5100.o
 .debug_abbrev  0x000009ce      0x352 ioLibrary_Driver-master/Ethernet/wizchip_conf.o
 .debug_abbrev  0x00000d20      0x3d7 ioLibrary_Driver-master/Internet/MQTT/MQTTClient.o
 .debug_abbrev  0x000010f7      0x1e0 ioLibrary_Driver-master/Internet/MQTT/MQTTPacket/src/MQTTConnectClient.o
 .debug_abbrev  0x000012d7      0x182 ioLibrary_Driver-master/Internet/MQTT/MQTTPacket/src/MQTTDeserializePublish.o
 .debug_abbrev  0x00001459      0x39e ioLibrary_Driver-master/Internet/MQTT/MQTTPacket/src/MQTTPacket.o
 .debug_abbrev  0x000017f7      0x1a6 ioLibrary_Driver-master/Internet/MQTT/MQTTPacket/src/MQTTSerializePublish.o
 .debug_abbrev  0x0000199d      0x198 ioLibrary_Driver-master/Internet/MQTT/MQTTPacket/src/MQTTSubscribeClient.o
 .debug_abbrev  0x00001b35      0x1e2 ioLibrary_Driver-master/Internet/MQTT/mqtt_interface.o
 .debug_abbrev  0x00001d17      0x417 main.o
 .debug_abbrev  0x0000212e      0x1eb Pin_ATMEGA328.o
 .debug_abbrev  0x00002319       0xdc SPI_ATMEGA328.o
 .debug_abbrev  0x000023f5       0xeb UART_ATMEGA328.o

.debug_line     0x00000000     0x3f16
 *(.debug_line .debug_line.* .debug_line_end)
 .debug_line    0x00000000      0x133 C:/Program Files (x86)/Atmel/Studio/7.0/Packs/atmel/ATmega_DFP/1.2.209/gcc/dev/atmega328p/avr5/crtatmega328p.o
 .debug_line    0x00000133      0xb3b ioLibrary_Driver-master/Ethernet/socket.o
 .debug_line    0x00000c6e      0x464 ioLibrary_Driver-master/Ethernet/W5100/w5100.o
 .debug_line    0x000010d2      0x90e ioLibrary_Driver-master/Ethernet/wizchip_conf.o
 .debug_line    0x000019e0      0x7ca ioLibrary_Driver-master/Internet/MQTT/MQTTClient.o
 .debug_line    0x000021aa      0x2b6 ioLibrary_Driver-master/Internet/MQTT/MQTTPacket/src/MQTTConnectClient.o
 .debug_line    0x00002460      0x147 ioLibrary_Driver-master/Internet/MQTT/MQTTPacket/src/MQTTDeserializePublish.o
 .debug_line    0x000025a7      0x507 ioLibrary_Driver-master/Internet/MQTT/MQTTPacket/src/MQTTPacket.o
 .debug_line    0x00002aae      0x1b8 ioLibrary_Driver-master/Internet/MQTT/MQTTPacket/src/MQTTSerializePublish.o
 .debug_line    0x00002c66      0x1a4 ioLibrary_Driver-master/Internet/MQTT/MQTTPacket/src/MQTTSubscribeClient.o
 .debug_line    0x00002e0a      0x2d3 ioLibrary_Driver-master/Internet/MQTT/mqtt_interface.o
 .debug_line    0x000030dd      0x447 main.o
 .debug_line    0x00003524      0x829 Pin_ATMEGA328.o
 .debug_line    0x00003d4d       0xd6 SPI_ATMEGA328.o
 .debug_line    0x00003e23       0xf3 UART_ATMEGA328.o

.debug_frame    0x00000000     0x1824
 *(.debug_frame)
 .debug_frame   0x00000000      0x3c0 ioLibrary_Driver-master/Ethernet/socket.o
 .debug_frame   0x000003c0      0x364 ioLibrary_Driver-master/Ethernet/W5100/w5100.o
 .debug_frame   0x00000724      0x2fc ioLibrary_Driver-master/Ethernet/wizchip_conf.o
 .debug_frame   0x00000a20      0x38c ioLibrary_Driver-master/Internet/MQTT/MQTTClient.o
 .debug_frame   0x00000dac      0x10c ioLibrary_Driver-master/Internet/MQTT/MQTTPacket/src/MQTTConnectClient.o
 .debug_frame   0x00000eb8       0xc4 ioLibrary_Driver-master/Internet/MQTT/MQTTPacket/src/MQTTDeserializePublish.o
 .debug_frame   0x00000f7c      0x230 ioLibrary_Driver-master/Internet/MQTT/MQTTPacket/src/MQTTPacket.o
 .debug_frame   0x000011ac      0x140 ioLibrary_Driver-master/Internet/MQTT/MQTTPacket/src/MQTTSerializePublish.o
 .debug_frame   0x000012ec      0x104 ioLibrary_Driver-master/Internet/MQTT/MQTTPacket/src/MQTTSubscribeClient.o
 .debug_frame   0x000013f0      0x170 ioLibrary_Driver-master/Internet/MQTT/mqtt_interface.o
 .debug_frame   0x00001560       0xf4 main.o
 .debug_frame   0x00001654       0xe0 Pin_ATMEGA328.o
 .debug_frame   0x00001734       0x70 SPI_ATMEGA328.o
 .debug_frame   0x000017a4       0x80 UART_ATMEGA328.o

.debug_str      0x00000000     0x1ed2
 *(.debug_str)
 .debug_str     0x00000000      0x208 C:/Program Files (x86)/Atmel/Studio/7.0/Packs/atmel/ATmega_DFP/1.2.209/gcc/dev/atmega328p/avr5/crtatmega328p.o
 .debug_str     0x00000208      0x400 ioLibrary_Driver-master/Ethernet/socket.o
                                0x467 (size before relaxing)
 .debug_str     0x00000608      0x129 ioLibrary_Driver-master/Ethernet/W5100/w5100.o
                                0x36d (size before relaxing)
 .debug_str     0x00000731      0x5de ioLibrary_Driver-master/Ethernet/wizchip_conf.o
                                0x893 (size before relaxing)
 .debug_str     0x00000d0f      0x67d ioLibrary_Driver-master/Internet/MQTT/MQTTClient.o
                                0x8bd (size before relaxing)
 .debug_str     0x0000138c      0x155 ioLibrary_Driver-master/Internet/MQTT/MQTTPacket/src/MQTTConnectClient.o
                                0x548 (size before relaxing)
 .debug_str     0x000014e1       0x6b ioLibrary_Driver-master/Internet/MQTT/MQTTPacket/src/MQTTDeserializePublish.o
                                0x366 (size before relaxing)
 .debug_str     0x0000154c      0x109 ioLibrary_Driver-master/Internet/MQTT/MQTTPacket/src/MQTTPacket.o
                                0x417 (size before relaxing)
 .debug_str     0x00001655       0xab ioLibrary_Driver-master/Internet/MQTT/MQTTPacket/src/MQTTSerializePublish.o
                                0x41e (size before relaxing)
 .debug_str     0x00001700       0x9c ioLibrary_Driver-master/Internet/MQTT/MQTTPacket/src/MQTTSubscribeClient.o
                                0x420 (size before relaxing)
 .debug_str     0x0000179c       0xbf ioLibrary_Driver-master/Internet/MQTT/mqtt_interface.o
                                0x365 (size before relaxing)
 .debug_str     0x0000185b      0x558 main.o
                                0x988 (size before relaxing)
 .debug_str     0x00001db3       0x77 Pin_ATMEGA328.o
                                0x3fb (size before relaxing)
 .debug_str     0x00001e2a       0x59 SPI_ATMEGA328.o
                                0x244 (size before relaxing)
 .debug_str     0x00001e83       0x4f UART_ATMEGA328.o
                                0x25c (size before relaxing)

.debug_loc      0x00000000     0x9c95
 *(.debug_loc)
 .debug_loc     0x00000000     0x1ac5 ioLibrary_Driver-master/Ethernet/socket.o
 .debug_loc     0x00001ac5     0x1062 ioLibrary_Driver-master/Ethernet/W5100/w5100.o
 .debug_loc     0x00002b27      0xe6c ioLibrary_Driver-master/Ethernet/wizchip_conf.o
 .debug_loc     0x00003993     0x1bcb ioLibrary_Driver-master/Internet/MQTT/MQTTClient.o
 .debug_loc     0x0000555e      0x6d1 ioLibrary_Driver-master/Internet/MQTT/MQTTPacket/src/MQTTConnectClient.o
 .debug_loc     0x00005c2f      0x592 ioLibrary_Driver-master/Internet/MQTT/MQTTPacket/src/MQTTDeserializePublish.o
 .debug_loc     0x000061c1      0xed1 ioLibrary_Driver-master/Internet/MQTT/MQTTPacket/src/MQTTPacket.o
 .debug_loc     0x00007092      0x82c ioLibrary_Driver-master/Internet/MQTT/MQTTPacket/src/MQTTSerializePublish.o
 .debug_loc     0x000078be      0x764 ioLibrary_Driver-master/Internet/MQTT/MQTTPacket/src/MQTTSubscribeClient.o
 .debug_loc     0x00008022      0x5b0 ioLibrary_Driver-master/Internet/MQTT/mqtt_interface.o
 .debug_loc     0x000085d2      0x2b1 main.o
 .debug_loc     0x00008883     0x1207 Pin_ATMEGA328.o
 .debug_loc     0x00009a8a      0x102 SPI_ATMEGA328.o
 .debug_loc     0x00009b8c      0x109 UART_ATMEGA328.o

.debug_macinfo
 *(.debug_macinfo)

.debug_weaknames
 *(.debug_weaknames)

.debug_funcnames
 *(.debug_funcnames)

.debug_typenames
 *(.debug_typenames)

.debug_varnames
 *(.debug_varnames)

.debug_pubtypes
 *(.debug_pubtypes)

.debug_ranges   0x00000000      0x5c8
 *(.debug_ranges)
 .debug_ranges  0x00000000       0x80 ioLibrary_Driver-master/Ethernet/socket.o
 .debug_ranges  0x00000080       0x60 ioLibrary_Driver-master/Ethernet/W5100/w5100.o
 .debug_ranges  0x000000e0      0x110 ioLibrary_Driver-master/Ethernet/wizchip_conf.o
 .debug_ranges  0x000001f0      0x130 ioLibrary_Driver-master/Internet/MQTT/MQTTClient.o
 .debug_ranges  0x00000320       0x38 ioLibrary_Driver-master/Internet/MQTT/MQTTPacket/src/MQTTConnectClient.o
 .debug_ranges  0x00000358       0x18 ioLibrary_Driver-master/Internet/MQTT/MQTTPacket/src/MQTTDeserializePublish.o
 .debug_ranges  0x00000370       0xa8 ioLibrary_Driver-master/Internet/MQTT/MQTTPacket/src/MQTTPacket.o
 .debug_ranges  0x00000418       0x38 ioLibrary_Driver-master/Internet/MQTT/MQTTPacket/src/MQTTSerializePublish.o
 .debug_ranges  0x00000450       0x20 ioLibrary_Driver-master/Internet/MQTT/MQTTPacket/src/MQTTSubscribeClient.o
 .debug_ranges  0x00000470       0x70 ioLibrary_Driver-master/Internet/MQTT/mqtt_interface.o
 .debug_ranges  0x000004e0       0x38 main.o
 .debug_ranges  0x00000518       0x68 Pin_ATMEGA328.o
 .debug_ranges  0x00000580       0x20 SPI_ATMEGA328.o
 .debug_ranges  0x000005a0       0x28 UART_ATMEGA328.o

.debug_macro
 *(.debug_macro)
OUTPUT(ATMEL_ETHERNET.elf elf32-avr)
LOAD linker stubs
